Archive member included to satisfy reference by file (symbol)

/private/var/folders/br/9sn255813yn62198tc80r2th0000gn/T/arduino/sketches/1C4D400F58406BD7D11144F8D4B10CE2/../../cores/arduino_samd_nano_33_iot_f971aea1e80ec870fb4bccc702e24003/core.a(SERCOM.cpp.o)
                              /private/var/folders/br/9sn255813yn62198tc80r2th0000gn/T/arduino/sketches/1C4D400F58406BD7D11144F8D4B10CE2/core/variant.cpp.o (SERCOM::SERCOM(Sercom*))
/private/var/folders/br/9sn255813yn62198tc80r2th0000gn/T/arduino/sketches/1C4D400F58406BD7D11144F8D4B10CE2/../../cores/arduino_samd_nano_33_iot_f971aea1e80ec870fb4bccc702e24003/core.a(CDC.cpp.o)
                              /private/var/folders/br/9sn255813yn62198tc80r2th0000gn/T/arduino/sketches/1C4D400F58406BD7D11144F8D4B10CE2/sketch/car_chaos_avoid_collision.ino.cpp.o (Serial_::begin(unsigned long))
/private/var/folders/br/9sn255813yn62198tc80r2th0000gn/T/arduino/sketches/1C4D400F58406BD7D11144F8D4B10CE2/../../cores/arduino_samd_nano_33_iot_f971aea1e80ec870fb4bccc702e24003/core.a(USBCore.cpp.o)
                              /private/var/folders/br/9sn255813yn62198tc80r2th0000gn/T/arduino/sketches/1C4D400F58406BD7D11144F8D4B10CE2/../../cores/arduino_samd_nano_33_iot_f971aea1e80ec870fb4bccc702e24003/core.a(CDC.cpp.o) (usbd)
/private/var/folders/br/9sn255813yn62198tc80r2th0000gn/T/arduino/sketches/1C4D400F58406BD7D11144F8D4B10CE2/../../cores/arduino_samd_nano_33_iot_f971aea1e80ec870fb4bccc702e24003/core.a(Uart.cpp.o)
                              /private/var/folders/br/9sn255813yn62198tc80r2th0000gn/T/arduino/sketches/1C4D400F58406BD7D11144F8D4B10CE2/core/variant.cpp.o (Uart::Uart(SERCOM*, unsigned char, unsigned char, SercomRXPad, SercomUartTXPad, unsigned char, unsigned char))
/private/var/folders/br/9sn255813yn62198tc80r2th0000gn/T/arduino/sketches/1C4D400F58406BD7D11144F8D4B10CE2/../../cores/arduino_samd_nano_33_iot_f971aea1e80ec870fb4bccc702e24003/core.a(WMath.cpp.o)
                              /private/var/folders/br/9sn255813yn62198tc80r2th0000gn/T/arduino/sketches/1C4D400F58406BD7D11144F8D4B10CE2/sketch/car_chaos_avoid_collision.ino.cpp.o (random(long))
/private/var/folders/br/9sn255813yn62198tc80r2th0000gn/T/arduino/sketches/1C4D400F58406BD7D11144F8D4B10CE2/../../cores/arduino_samd_nano_33_iot_f971aea1e80ec870fb4bccc702e24003/core.a(PluggableUSB.cpp.o)
                              /private/var/folders/br/9sn255813yn62198tc80r2th0000gn/T/arduino/sketches/1C4D400F58406BD7D11144F8D4B10CE2/../../cores/arduino_samd_nano_33_iot_f971aea1e80ec870fb4bccc702e24003/core.a(USBCore.cpp.o) (arduino::PluggableUSB_::getInterface(unsigned char*))
/private/var/folders/br/9sn255813yn62198tc80r2th0000gn/T/arduino/sketches/1C4D400F58406BD7D11144F8D4B10CE2/../../cores/arduino_samd_nano_33_iot_f971aea1e80ec870fb4bccc702e24003/core.a(Print.cpp.o)
                              /private/var/folders/br/9sn255813yn62198tc80r2th0000gn/T/arduino/sketches/1C4D400F58406BD7D11144F8D4B10CE2/../../cores/arduino_samd_nano_33_iot_f971aea1e80ec870fb4bccc702e24003/core.a(Uart.cpp.o) (arduino::Print::write(unsigned char const*, unsigned int))
/private/var/folders/br/9sn255813yn62198tc80r2th0000gn/T/arduino/sketches/1C4D400F58406BD7D11144F8D4B10CE2/../../cores/arduino_samd_nano_33_iot_f971aea1e80ec870fb4bccc702e24003/core.a(cortex_handlers.c.o)
                              (Reset_Handler)
/private/var/folders/br/9sn255813yn62198tc80r2th0000gn/T/arduino/sketches/1C4D400F58406BD7D11144F8D4B10CE2/../../cores/arduino_samd_nano_33_iot_f971aea1e80ec870fb4bccc702e24003/core.a(delay.c.o)
                              /private/var/folders/br/9sn255813yn62198tc80r2th0000gn/T/arduino/sketches/1C4D400F58406BD7D11144F8D4B10CE2/sketch/car_chaos_avoid_collision.ino.cpp.o (millis)
/private/var/folders/br/9sn255813yn62198tc80r2th0000gn/T/arduino/sketches/1C4D400F58406BD7D11144F8D4B10CE2/../../cores/arduino_samd_nano_33_iot_f971aea1e80ec870fb4bccc702e24003/core.a(hooks.c.o)
                              /private/var/folders/br/9sn255813yn62198tc80r2th0000gn/T/arduino/sketches/1C4D400F58406BD7D11144F8D4B10CE2/../../cores/arduino_samd_nano_33_iot_f971aea1e80ec870fb4bccc702e24003/core.a(delay.c.o) (yield)
/private/var/folders/br/9sn255813yn62198tc80r2th0000gn/T/arduino/sketches/1C4D400F58406BD7D11144F8D4B10CE2/../../cores/arduino_samd_nano_33_iot_f971aea1e80ec870fb4bccc702e24003/core.a(main.cpp.o)
                              /Users/drormargalit/Library/Arduino15/packages/arduino/tools/arm-none-eabi-gcc/7-2017q4/bin/../lib/gcc/arm-none-eabi/7.2.1/../../../../arm-none-eabi/lib/thumb/v6-m/crt0.o (main)
/private/var/folders/br/9sn255813yn62198tc80r2th0000gn/T/arduino/sketches/1C4D400F58406BD7D11144F8D4B10CE2/../../cores/arduino_samd_nano_33_iot_f971aea1e80ec870fb4bccc702e24003/core.a(new.cpp.o)
[...]
Memory Configuration

Name             Origin             Length             Attributes
FLASH            0x0000000000002000 0x000000000003e000 xr
RAM              0x0000000020000000 0x0000000000008000 xrw
*default*        0x0000000000000000 0xffffffffffffffff

Linker script and memory map

LOAD /Users/drormargalit/Library/Arduino15/packages/arduino/tools/arm-none-eabi-gcc/7-2017q4/bin/../lib/gcc/arm-none-eabi/7.2.1/thumb/v6-m/crti.o
LOAD /Users/drormargalit/Library/Arduino15/packages/arduino/tools/arm-none-eabi-gcc/7-2017q4/bin/../lib/gcc/arm-none-eabi/7.2.1/thumb/v6-m/crtbegin.o
LOAD /Users/drormargalit/Library/Arduino15/packages/arduino/tools/arm-none-eabi-gcc/7-2017q4/bin/../lib/gcc/arm-none-eabi/7.2.1/../../../../arm-none-eabi/lib/thumb/v6-m/crt0.o
LOAD /private/var/folders/br/9sn255813yn62198tc80r2th0000gn/T/arduino/sketches/1C4D400F58406BD7D11144F8D4B10CE2/sketch/car_chaos_avoid_collision.ino.cpp.o
LOAD /private/var/folders/br/9sn255813yn62198tc80r2th0000gn/T/arduino/sketches/1C4D400F58406BD7D11144F8D4B10CE2/core/variant.cpp.o
START GROUP
LOAD /Users/drormargalit/Library/Arduino15/packages/arduino/tools/CMSIS/4.5.0/CMSIS/Lib/GCC//libarm_cortexM0l_math.a
LOAD /private/var/folders/br/9sn255813yn62198tc80r2th0000gn/T/arduino/sketches/1C4D400F58406BD7D11144F8D4B10CE2/../../cores/arduino_samd_nano_33_iot_f971aea1e80ec870fb4bccc702e24003/core.a
END GROUP
LOAD /Users/drormargalit/Library/Arduino15/packages/arduino/tools/arm-none-eabi-gcc/7-2017q4/bin/../lib/gcc/arm-none-eabi/7.2.1/../../../../arm-none-eabi/lib/thumb/v6-m/libstdc++_nano.a
LOAD /Users/drormargalit/Library/Arduino15/packages/arduino/tools/arm-none-eabi-gcc/7-2017q4/bin/../lib/gcc/arm-none-eabi/7.2.1/../../../../arm-none-eabi/lib/thumb/v6-m/libm.a
START GROUP
LOAD /Users/drormargalit/Library/Arduino15/packages/arduino/tools/arm-none-eabi-gcc/7-2017q4/bin/../lib/gcc/arm-none-eabi/7.2.1/thumb/v6-m/libgcc.a
LOAD /Users/drormargalit/Library/Arduino15/packages/arduino/tools/arm-none-eabi-gcc/7-2017q4/bin/../lib/gcc/arm-none-eabi/7.2.1/../../../../arm-none-eabi/lib/thumb/v6-m/libc_nano.a
END GROUP
START GROUP
LOAD /Users/drormargalit/Library/Arduino15/packages/arduino/tools/arm-none-eabi-gcc/7-2017q4/bin/../lib/gcc/arm-none-eabi/7.2.1/thumb/v6-m/libgcc.a
LOAD /Users/drormargalit/Library/Arduino15/packages/arduino/tools/arm-none-eabi-gcc/7-2017q4/bin/../lib/gcc/arm-none-eabi/7.2.1/../../../../arm-none-eabi/lib/thumb/v6-m/libc_nano.a
LOAD /Users/drormargalit/Library/Arduino15/packages/arduino/tools/arm-none-eabi-gcc/7-2017q4/bin/../lib/gcc/arm-none-eabi/7.2.1/../../../../arm-none-eabi/lib/thumb/v6-m/libnosys.a
END GROUP
START GROUP
LOAD /Users/drormargalit/Library/Arduino15/packages/arduino/tools/arm-none-eabi-gcc/7-2017q4/bin/../lib/gcc/arm-none-eabi/7.2.1/thumb/v6-m/libgcc.a
LOAD /Users/drormargalit/Library/Arduino15/packages/arduino/tools/arm-none-eabi-gcc/7-2017q4/bin/../lib/gcc/arm-none-eabi/7.2.1/../../../../arm-none-eabi/lib/thumb/v6-m/libc_nano.a
LOAD /Users/drormargalit/Library/Arduino15/packages/arduino/tools/arm-none-eabi-gcc/7-2017q4/bin/../lib/gcc/arm-none-eabi/7.2.1/../../../../arm-none-eabi/lib/thumb/v6-m/libnosys.a
END GROUP
LOAD /Users/drormargalit/Library/Arduino15/packages/arduino/tools/arm-none-eabi-gcc/7-2017q4/bin/../lib/gcc/arm-none-eabi/7.2.1/thumb/v6-m/crtend.o
LOAD /Users/drormargalit/Library/Arduino15/packages/arduino/tools/arm-none-eabi-gcc/7-2017q4/bin/../lib/gcc/arm-none-eabi/7.2.1/thumb/v6-m/crtn.o

.text           0x0000000000002000     0x38a4
                0x0000000000002000                __text_start__ = .
 *(.sketch_boot)
                0x0000000000002000                . = ALIGN (0x2000)
 *(.isr_vector)
 .isr_vector    0x0000000000002000       0xb4 /private/var/folders/br/9sn255813yn62198tc80r2th0000gn/T/arduino/sketches/1C4D400F58406BD7D11144F8D4B10CE2/../../cores/arduino_samd_nano_33_iot_f971aea1e80ec870fb4bccc702e24003/core.a(cortex_handlers.c.o)
                0x0000000000002000                exception_table
 *(.text*)
 .text          0x00000000000020b4       0x48 /Users/drormargalit/Library/Arduino15/packages/arduino/tools/arm-none-eabi-gcc/7-2017q4/bin/../lib/gcc/arm-none-eabi/7.2.1/thumb/v6-m/crtbegin.o
 .text._Z8turnLeftv
                0x00000000000020fc       0x30 /private/var/folders/br/9sn255813yn62198tc80r2th0000gn/T/arduino/sketches/1C4D400F58406BD7D11144F8D4B10CE2/sketch/car_chaos_avoid_collision.ino.cpp.o
                0x00000000000020fc                turnLeft()
 .text._Z9turnRightv
                0x000000000000212c       0x30 /private/var/folders/br/9sn255813yn62198tc80r2th0000gn/T/arduino/sketches/1C4D400F58406BD7D11144F8D4B10CE2/sketch/car_chaos_avoid_collision.ino.cpp.o
                0x000000000000212c                turnRight()
 .text._Z11moveForwardv
                0x000000000000215c       0x30 /private/var/folders/br/9sn255813yn62198tc80r2th0000gn/T/arduino/sketches/1C4D400F58406BD7D11144F8D4B10CE2/sketch/car_chaos_avoid_collision.ino.cpp.o
                0x000000000000215c                moveForward()
 .text._Z10stopWheelsv
                0x000000000000218c       0x24 /private/var/folders/br/9sn255813yn62198tc80r2th0000gn/T/arduino/sketches/1C4D400F58406BD7D11144F8D4B10CE2/sketch/car_chaos_avoid_collision.ino.cpp.o
                0x000000000000218c                stopWheels()
 .text._Z16preventCollisionv
                0x00000000000021b0       0xd8 /private/var/folders/br/9sn255813yn62198tc80r2th0000gn/T/arduino/sketches/1C4D400F58406BD7D11144F8D4B10CE2/sketch/car_chaos_avoid_collision.ino.cpp.o
                0x00000000000021b0                preventCollision()
 .text._Z16startRunningAwayv
                0x0000000000002288       0x58 /private/var/folders/br/9sn255813yn62198tc80r2th0000gn/T/arduino/sketches/1C4D400F58406BD7D11144F8D4B10CE2/sketch/car_chaos_avoid_collision.ino.cpp.o
                0x0000000000002288                startRunningAway()
 .text.loop     0x00000000000022e0       0x3c /private/var/folders/br/9sn255813yn62198tc80r2th0000gn/T/arduino/sketches/1C4D400F58406BD7D11144F8D4B10CE2/sketch/car_chaos_avoid_collision.ino.cpp.o
                0x00000000000022e0                loop
 .text.setup    0x000000000000231c       0x5c /private/var/folders/br/9sn255813yn62198tc80r2th0000gn/T/arduino/sketches/1C4D400F58406BD7D11144F8D4B10CE2/sketch/car_chaos_avoid_collision.ino.cpp.o
                0x000000000000231c                setup
 .text.initVariant
                0x0000000000002378       0x24 /private/var/folders/br/9sn255813yn62198tc80r2th0000gn/T/arduino/sketches/1C4D400F58406BD7D11144F8D4B10CE2/core/variant.cpp.o
                0x0000000000002378                initVariant
 .text.SERCOM5_Handler
                0x000000000000239c       0x10 /private/var/folders/br/9sn255813yn62198tc80r2th0000gn/T/arduino/sketches/1C4D400F58406BD7D11144F8D4B10CE2/core/variant.cpp.o
                0x000000000000239c                SERCOM5_Handler
 .text.SERCOM3_Handler
                0x00000000000023ac       0x10 /private/var/folders/br/9sn255813yn62198tc80r2th0000gn/T/arduino/sketches/1C4D400F58406BD7D11144F8D4B10CE2/core/variant.cpp.o
                0x00000000000023ac                SERCOM3_Handler
 .text.SERCOM2_Handler
                0x00000000000023bc       0x10 /private/var/folders/br/9sn255813yn62198tc80r2th0000gn/T/arduino/sketches/1C4D400F58406BD7D11144F8D4B10CE2/core/variant.cpp.o
                0x00000000000023bc                SERCOM2_Handler
 .text.startup._GLOBAL__sub_I_g_APinDescription
                0x00000000000023cc       0xbc /private/var/folders/br/9sn255813yn62198tc80r2th0000gn/T/arduino/sketches/1C4D400F58406BD7D11144F8D4B10CE2/core/variant.cpp.o
 .text._ZN6SERCOMC2EP6Sercom
                0x0000000000002488        0x8 /private/var/folders/br/9sn255813yn62198tc80r2th0000gn/T/arduino/sketches/1C4D400F58406BD7D11144F8D4B10CE2/../../cores/arduino_samd_nano_33_iot_f971aea1e80ec870fb4bccc702e24003/core.a(SERCOM.cpp.o)
                0x0000000000002488                SERCOM::SERCOM(Sercom*)
                0x0000000000002488                SERCOM::SERCOM(Sercom*)
 .text._ZN6SERCOM9initFrameE18SercomUartCharSize15SercomDataOrder16SercomParityMode19SercomNumberStopBit
                0x0000000000002490       0x3a /private/var/folders/br/9sn255813yn62198tc80r2th0000gn/T/arduino/sketches/1C4D400F58406BD7D11144F8D4B10CE2/../../cores/arduino_samd_nano_33_iot_f971aea1e80ec870fb4bccc702e24003/core.a(SERCOM.cpp.o)
                0x0000000000002490                SERCOM::initFrame(SercomUartCharSize, SercomDataOrder, SercomParityMode, SercomNumberStopBit)
 .text._ZN6SERCOM8initPadsE15SercomUartTXPad11SercomRXPad
                0x00000000000024ca       0x26 /private/var/folders/br/9sn255813yn62198tc80r2th0000gn/T/arduino/sketches/1C4D400F58406BD7D11144F8D4B10CE2/../../cores/arduino_samd_nano_33_iot_f971aea1e80ec870fb4bccc702e24003/core.a(SERCOM.cpp.o)
                0x00000000000024ca                SERCOM::initPads(SercomUartTXPad, SercomRXPad)
 .text._ZN6SERCOM9resetUARTEv
                0x00000000000024f0       0x1a /private/var/folders/br/9sn255813yn62198tc80r2th0000gn/T/arduino/sketches/1C4D400F58406BD7D11144F8D4B10CE2/../../cores/arduino_samd_nano_33_iot_f971aea1e80ec870fb4bccc702e24003/core.a(SERCOM.cpp.o)
                0x00000000000024f0                SERCOM::resetUART()
 .text._ZN6SERCOM10enableUARTEv
                0x000000000000250a       0x14 /private/var/folders/br/9sn255813yn62198tc80r2th0000gn/T/arduino/sketches/1C4D400F58406BD7D11144F8D4B10CE2/../../cores/arduino_samd_nano_33_iot_f971aea1e80ec870fb4bccc702e24003/core.a(SERCOM.cpp.o)
                0x000000000000250a                SERCOM::enableUART()
 .text._ZN6SERCOM9flushUARTEv
                0x000000000000251e       0x14 /private/var/folders/br/9sn255813yn62198tc80r2th0000gn/T/arduino/sketches/1C4D400F58406BD7D11144F8D4B10CE2/../../cores/arduino_samd_nano_33_iot_f971aea1e80ec870fb4bccc702e24003/core.a(SERCOM.cpp.o)
                0x000000000000251e                SERCOM::flushUART()
 .text._ZN6SERCOM15clearStatusUARTEv
                0x0000000000002532        0x8 /private/var/folders/br/9sn255813yn62198tc80r2th0000gn/T/arduino/sketches/1C4D400F58406BD7D11144F8D4B10CE2/../../cores/arduino_samd_nano_33_iot_f971aea1e80ec870fb4bccc702e24003/core.a(SERCOM.cpp.o)
                0x0000000000002532                SERCOM::clearStatusUART()
 .text._ZN6SERCOM17availableDataUARTEv
                0x000000000000253a        0xa /private/var/folders/br/9sn255813yn62198tc80r2th0000gn/T/arduino/sketches/1C4D400F58406BD7D11144F8D4B10CE2/../../cores/arduino_samd_nano_33_iot_f971aea1e80ec870fb4bccc702e24003/core.a(SERCOM.cpp.o)
                0x000000000000253a                SERCOM::availableDataUART()
 .text._ZN6SERCOM11isUARTErrorEv
                0x0000000000002544        0x8 /private/var/folders/br/9sn255813yn62198tc80r2th0000gn/T/arduino/sketches/1C4D400F58406BD7D11144F8D4B10CE2/../../cores/arduino_samd_nano_33_iot_f971aea1e80ec870fb4bccc702e24003/core.a(SERCOM.cpp.o)
                0x0000000000002544                SERCOM::isUARTError()
 .text._ZN6SERCOM20acknowledgeUARTErrorEv
                0x000000000000254c        0xe /private/var/folders/br/9sn255813yn62198tc80r2th0000gn/T/arduino/sketches/1C4D400F58406BD7D11144F8D4B10CE2/../../cores/arduino_samd_nano_33_iot_f971aea1e80ec870fb4bccc702e24003/core.a(SERCOM.cpp.o)
                0x000000000000254c                SERCOM::acknowledgeUARTError()
 .text._ZN6SERCOM16isFrameErrorUARTEv
                0x000000000000255a        0xa /private/var/folders/br/9sn255813yn62198tc80r2th0000gn/T/arduino/sketches/1C4D400F58406BD7D11144F8D4B10CE2/../../cores/arduino_samd_nano_33_iot_f971aea1e80ec870fb4bccc702e24003/core.a(SERCOM.cpp.o)
                0x000000000000255a                SERCOM::isFrameErrorUART()
 .text._ZN6SERCOM19clearFrameErrorUARTEv
                0x0000000000002564        0xc /private/var/folders/br/9sn255813yn62198tc80r2th0000gn/T/arduino/sketches/1C4D400F58406BD7D11144F8D4B10CE2/../../cores/arduino_samd_nano_33_iot_f971aea1e80ec870fb4bccc702e24003/core.a(SERCOM.cpp.o)
                0x0000000000002564                SERCOM::clearFrameErrorUART()
 .text._ZN6SERCOM23isDataRegisterEmptyUARTEv
                0x0000000000002570        0xa /private/var/folders/br/9sn255813yn62198tc80r2th0000gn/T/arduino/sketches/1C4D400F58406BD7D11144F8D4B10CE2/../../cores/arduino_samd_nano_33_iot_f971aea1e80ec870fb4bccc702e24003/core.a(SERCOM.cpp.o)
                0x0000000000002570                SERCOM::isDataRegisterEmptyUART()
 .text._ZN6SERCOM12readDataUARTEv
                0x000000000000257a        0x8 /private/var/folders/br/9sn255813yn62198tc80r2th0000gn/T/arduino/sketches/1C4D400F58406BD7D11144F8D4B10CE2/../../cores/arduino_samd_nano_33_iot_f971aea1e80ec870fb4bccc702e24003/core.a(SERCOM.cpp.o)
                0x000000000000257a                SERCOM::readDataUART()
 .text._ZN6SERCOM13writeDataUARTEh
                0x0000000000002582       0x14 /private/var/folders/br/9sn255813yn62198tc80r2th0000gn/T/arduino/sketches/1C4D400F58406BD7D11144F8D4B10CE2/../../cores/arduino_samd_nano_33_iot_f971aea1e80ec870fb4bccc702e24003/core.a(SERCOM.cpp.o)
                0x0000000000002582                SERCOM::writeDataUART(unsigned char)
 .text._ZN6SERCOM36enableDataRegisterEmptyInterruptUARTEv
                0x0000000000002596        0x8 /private/var/folders/br/9sn255813yn62198tc80r2th0000gn/T/arduino/sketches/1C4D400F58406BD7D11144F8D4B10CE2/../../cores/arduino_samd_nano_33_iot_f971aea1e80ec870fb4bccc702e24003/core.a(SERCOM.cpp.o)
                0x0000000000002596                SERCOM::enableDataRegisterEmptyInterruptUART()
 .text._ZN6SERCOM37disableDataRegisterEmptyInterruptUARTEv
                0x000000000000259e        0x8 /private/var/folders/br/9sn255813yn62198tc80r2th0000gn/T/arduino/sketches/1C4D400F58406BD7D11144F8D4B10CE2/../../cores/arduino_samd_nano_33_iot_f971aea1e80ec870fb4bccc702e24003/core.a(SERCOM.cpp.o)
                0x000000000000259e                SERCOM::disableDataRegisterEmptyInterruptUART()
 *fill*         0x00000000000025a6        0x2 
 .text._ZN6SERCOM13initClockNVICEv
                0x00000000000025a8       0xa8 /private/var/folders/br/9sn255813yn62198tc80r2th0000gn/T/arduino/sketches/1C4D400F58406BD7D11144F8D4B10CE2/../../cores/arduino_samd_nano_33_iot_f971aea1e80ec870fb4bccc702e24003/core.a(SERCOM.cpp.o)
                0x00000000000025a8                SERCOM::initClockNVIC()
 .text._ZN6SERCOM8initUARTE14SercomUartMode20SercomUartSampleRatem
                0x0000000000002650       0x6c /private/var/folders/br/9sn255813yn62198tc80r2th0000gn/T/arduino/sketches/1C4D400F58406BD7D11144F8D4B10CE2/../../cores/arduino_samd_nano_33_iot_f971aea1e80ec870fb4bccc702e24003/core.a(SERCOM.cpp.o)
                0x0000000000002650                SERCOM::initUART(SercomUartMode, SercomUartSampleRate, unsigned long)
 .text._ZN7Serial_13getDescriptorERN7arduino8USBSetupE
                0x00000000000026bc        0x4 /private/var/folders/br/9sn255813yn62198tc80r2th0000gn/T/arduino/sketches/1C4D400F58406BD7D11144F8D4B10CE2/../../cores/arduino_samd_nano_33_iot_f971aea1e80ec870fb4bccc702e24003/core.a(CDC.cpp.o)
                0x00000000000026bc                Serial_::getDescriptor(arduino::USBSetup&)
 .text._ZL5utox8mPc
                0x00000000000026c0       0x24 /private/var/folders/br/9sn255813yn62198tc80r2th0000gn/T/arduino/sketches/1C4D400F58406BD7D11144F8D4B10CE2/../../cores/arduino_samd_nano_33_iot_f971aea1e80ec870fb4bccc702e24003/core.a(CDC.cpp.o)
 .text._ZN7Serial_12getShortNameEPc
                0x00000000000026e4       0x44 /private/var/folders/br/9sn255813yn62198tc80r2th0000gn/T/arduino/sketches/1C4D400F58406BD7D11144F8D4B10CE2/../../cores/arduino_samd_nano_33_iot_f971aea1e80ec870fb4bccc702e24003/core.a(CDC.cpp.o)
                0x00000000000026e4                Serial_::getShortName(char*)
 .text._ZThn16_N7Serial_12getShortNameEPc
                0x0000000000002728       0x10 /private/var/folders/br/9sn255813yn62198tc80r2th0000gn/T/arduino/sketches/1C4D400F58406BD7D11144F8D4B10CE2/../../cores/arduino_samd_nano_33_iot_f971aea1e80ec870fb4bccc702e24003/core.a(CDC.cpp.o)
                0x0000000000002728                non-virtual thunk to Serial_::getShortName(char*)
 .text._ZN7Serial_5beginEm
                0x0000000000002738        0x2 /private/var/folders/br/9sn255813yn62198tc80r2th0000gn/T/arduino/sketches/1C4D400F58406BD7D11144F8D4B10CE2/../../cores/arduino_samd_nano_33_iot_f971aea1e80ec870fb4bccc702e24003/core.a(CDC.cpp.o)
                0x0000000000002738                Serial_::begin(unsigned long)
 .text._ZN7Serial_5beginEmt
                0x000000000000273a        0x2 /private/var/folders/br/9sn255813yn62198tc80r2th0000gn/T/arduino/sketches/1C4D400F58406BD7D11144F8D4B10CE2/../../cores/arduino_samd_nano_33_iot_f971aea1e80ec870fb4bccc702e24003/core.a(CDC.cpp.o)
                0x000000000000273a                Serial_::begin(unsigned long, unsigned short)
 .text._ZN7Serial_17availableForWriteEv
                0x000000000000273c        0x4 /private/var/folders/br/9sn255813yn62198tc80r2th0000gn/T/arduino/sketches/1C4D400F58406BD7D11144F8D4B10CE2/../../cores/arduino_samd_nano_33_iot_f971aea1e80ec870fb4bccc702e24003/core.a(CDC.cpp.o)
                0x000000000000273c                Serial_::availableForWrite()
 .text._ZN7Serial_5writeEh
                0x0000000000002740       0x14 /private/var/folders/br/9sn255813yn62198tc80r2th0000gn/T/arduino/sketches/1C4D400F58406BD7D11144F8D4B10CE2/../../cores/arduino_samd_nano_33_iot_f971aea1e80ec870fb4bccc702e24003/core.a(CDC.cpp.o)
                0x0000000000002740                Serial_::write(unsigned char)
 .text._ZN7Serial_12getInterfaceEPh
                0x0000000000002754      0x11c /private/var/folders/br/9sn255813yn62198tc80r2th0000gn/T/arduino/sketches/1C4D400F58406BD7D11144F8D4B10CE2/../../cores/arduino_samd_nano_33_iot_f971aea1e80ec870fb4bccc702e24003/core.a(CDC.cpp.o)
                0x0000000000002754                Serial_::getInterface(unsigned char*)
 .text._ZThn16_N7Serial_12getInterfaceEPh
                0x0000000000002870       0x10 /private/var/folders/br/9sn255813yn62198tc80r2th0000gn/T/arduino/sketches/1C4D400F58406BD7D11144F8D4B10CE2/../../cores/arduino_samd_nano_33_iot_f971aea1e80ec870fb4bccc702e24003/core.a(CDC.cpp.o)
                0x0000000000002870                non-virtual thunk to Serial_::getInterface(unsigned char*)
 .text._ZN7Serial_5setupERN7arduino8USBSetupE
                0x0000000000002880       0x98 /private/var/folders/br/9sn255813yn62198tc80r2th0000gn/T/arduino/sketches/1C4D400F58406BD7D11144F8D4B10CE2/../../cores/arduino_samd_nano_33_iot_f971aea1e80ec870fb4bccc702e24003/core.a(CDC.cpp.o)
                0x0000000000002880                Serial_::setup(arduino::USBSetup&)
 .text._ZThn16_N7Serial_5setupERN7arduino8USBSetupE
                0x0000000000002918       0x10 /private/var/folders/br/9sn255813yn62198tc80r2th0000gn/T/arduino/sketches/1C4D400F58406BD7D11144F8D4B10CE2/../../cores/arduino_samd_nano_33_iot_f971aea1e80ec870fb4bccc702e24003/core.a(CDC.cpp.o)
                0x0000000000002918                non-virtual thunk to Serial_::setup(arduino::USBSetup&)
 .text._ZN7Serial_3endEv
                0x0000000000002928       0x14 /private/var/folders/br/9sn255813yn62198tc80r2th0000gn/T/arduino/sketches/1C4D400F58406BD7D11144F8D4B10CE2/../../cores/arduino_samd_nano_33_iot_f971aea1e80ec870fb4bccc702e24003/core.a(CDC.cpp.o)
                0x0000000000002928                Serial_::end()
 .text._ZN7Serial_9availableEv
                0x000000000000293c       0x20 /private/var/folders/br/9sn255813yn62198tc80r2th0000gn/T/arduino/sketches/1C4D400F58406BD7D11144F8D4B10CE2/../../cores/arduino_samd_nano_33_iot_f971aea1e80ec870fb4bccc702e24003/core.a(CDC.cpp.o)
                0x000000000000293c                Serial_::available()
 .text._ZN7Serial_5flushEv
                0x000000000000295c        0xe /private/var/folders/br/9sn255813yn62198tc80r2th0000gn/T/arduino/sketches/1C4D400F58406BD7D11144F8D4B10CE2/../../cores/arduino_samd_nano_33_iot_f971aea1e80ec870fb4bccc702e24003/core.a(CDC.cpp.o)
                0x000000000000295c                Serial_::flush()
 .text._ZN7Serial_5clearEv
                0x000000000000296a        0xe /private/var/folders/br/9sn255813yn62198tc80r2th0000gn/T/arduino/sketches/1C4D400F58406BD7D11144F8D4B10CE2/../../cores/arduino_samd_nano_33_iot_f971aea1e80ec870fb4bccc702e24003/core.a(CDC.cpp.o)
                0x000000000000296a                Serial_::clear()
 .text._ZN7Serial_5writeEPKhj
                0x0000000000002978       0x1e /private/var/folders/br/9sn255813yn62198tc80r2th0000gn/T/arduino/sketches/1C4D400F58406BD7D11144F8D4B10CE2/../../cores/arduino_samd_nano_33_iot_f971aea1e80ec870fb4bccc702e24003/core.a(CDC.cpp.o)
                0x0000000000002978                Serial_::write(unsigned char const*, unsigned int)
 *fill*         0x0000000000002996        0x2 
 .text._ZN7Serial_4peekEv
                0x0000000000002998       0x1c /private/var/folders/br/9sn255813yn62198tc80r2th0000gn/T/arduino/sketches/1C4D400F58406BD7D11144F8D4B10CE2/../../cores/arduino_samd_nano_33_iot_f971aea1e80ec870fb4bccc702e24003/core.a(CDC.cpp.o)
                0x0000000000002998                Serial_::peek()
 .text._ZN7Serial_4readEv
                0x00000000000029b4       0x24 /private/var/folders/br/9sn255813yn62198tc80r2th0000gn/T/arduino/sketches/1C4D400F58406BD7D11144F8D4B10CE2/../../cores/arduino_samd_nano_33_iot_f971aea1e80ec870fb4bccc702e24003/core.a(CDC.cpp.o)
                0x00000000000029b4                Serial_::read()
 .text._ZN7Serial_cvbEv
                0x00000000000029d8       0x28 /private/var/folders/br/9sn255813yn62198tc80r2th0000gn/T/arduino/sketches/1C4D400F58406BD7D11144F8D4B10CE2/../../cores/arduino_samd_nano_33_iot_f971aea1e80ec870fb4bccc702e24003/core.a(CDC.cpp.o)
                0x00000000000029d8                Serial_::operator bool()
 .text._ZThn16_N7Serial_13getDescriptorERN7arduino8USBSetupE
                0x0000000000002a00        0x4 /private/var/folders/br/9sn255813yn62198tc80r2th0000gn/T/arduino/sketches/1C4D400F58406BD7D11144F8D4B10CE2/../../cores/arduino_samd_nano_33_iot_f971aea1e80ec870fb4bccc702e24003/core.a(CDC.cpp.o)
                0x0000000000002a00                non-virtual thunk to Serial_::getDescriptor(arduino::USBSetup&)
 .text.resetExternalChip
                0x0000000000002a04        0x2 /private/var/folders/br/9sn255813yn62198tc80r2th0000gn/T/arduino/sketches/1C4D400F58406BD7D11144F8D4B10CE2/../../cores/arduino_samd_nano_33_iot_f971aea1e80ec870fb4bccc702e24003/core.a(CDC.cpp.o)
                0x0000000000002a04                resetExternalChip
 .text._ZN7Serial_14handleEndpointEi
                0x0000000000002a06        0x2 /private/var/folders/br/9sn255813yn62198tc80r2th0000gn/T/arduino/sketches/1C4D400F58406BD7D11144F8D4B10CE2/../../cores/arduino_samd_nano_33_iot_f971aea1e80ec870fb4bccc702e24003/core.a(CDC.cpp.o)
                0x0000000000002a06                Serial_::handleEndpoint(int)
 .text._ZN7Serial_C2ER14USBDeviceClass
                0x0000000000002a08       0x50 /private/var/folders/br/9sn255813yn62198tc80r2th0000gn/T/arduino/sketches/1C4D400F58406BD7D11144F8D4B10CE2/../../cores/arduino_samd_nano_33_iot_f971aea1e80ec870fb4bccc702e24003/core.a(CDC.cpp.o)
                0x0000000000002a08                Serial_::Serial_(USBDeviceClass&)
                0x0000000000002a08                Serial_::Serial_(USBDeviceClass&)
 .text._ZN7Serial_15enableInterruptEv
                0x0000000000002a58       0x30 /private/var/folders/br/9sn255813yn62198tc80r2th0000gn/T/arduino/sketches/1C4D400F58406BD7D11144F8D4B10CE2/../../cores/arduino_samd_nano_33_iot_f971aea1e80ec870fb4bccc702e24003/core.a(CDC.cpp.o)
                0x0000000000002a58                Serial_::enableInterrupt()
 .text.startup._GLOBAL__sub_I__ZN7Serial_12getInterfaceEPh
                0x0000000000002a88       0x14 /private/var/folders/br/9sn255813yn62198tc80r2th0000gn/T/arduino/sketches/1C4D400F58406BD7D11144F8D4B10CE2/../../cores/arduino_samd_nano_33_iot_f971aea1e80ec870fb4bccc702e24003/core.a(CDC.cpp.o)
 .text._ZN26DoubleBufferedEPOutHandlerD2Ev
                0x0000000000002a9c        0x2 /private/var/folders/br/9sn255813yn62198tc80r2th0000gn/T/arduino/sketches/1C4D400F58406BD7D11144F8D4B10CE2/../../cores/arduino_samd_nano_33_iot_f971aea1e80ec870fb4bccc702e24003/core.a(USBCore.cpp.o)
                0x0000000000002a9c                DoubleBufferedEPOutHandler::~DoubleBufferedEPOutHandler()
                0x0000000000002a9c                DoubleBufferedEPOutHandler::~DoubleBufferedEPOutHandler()
 .text._ZN26DoubleBufferedEPOutHandlerD0Ev
                0x0000000000002a9e        0xc /private/var/folders/br/9sn255813yn62198tc80r2th0000gn/T/arduino/sketches/1C4D400F58406BD7D11144F8D4B10CE2/../../cores/arduino_samd_nano_33_iot_f971aea1e80ec870fb4bccc702e24003/core.a(USBCore.cpp.o)
                0x0000000000002a9e                DoubleBufferedEPOutHandler::~DoubleBufferedEPOutHandler()
 *fill*         0x0000000000002aaa        0x2 
 .text._ZN14USBDeviceClass6initEPEmm.part.7
                0x0000000000002aac       0xc4 /private/var/folders/br/9sn255813yn62198tc80r2th0000gn/T/arduino/sketches/1C4D400F58406BD7D11144F8D4B10CE2/../../cores/arduino_samd_nano_33_iot_f971aea1e80ec870fb4bccc702e24003/core.a(USBCore.cpp.o)
 .text._ZN7__GuardC2Ev
                0x0000000000002b70        0xe /private/var/folders/br/9sn255813yn62198tc80r2th0000gn/T/arduino/sketches/1C4D400F58406BD7D11144F8D4B10CE2/../../cores/arduino_samd_nano_33_iot_f971aea1e80ec870fb4bccc702e24003/core.a(USBCore.cpp.o)
                0x0000000000002b70                __Guard::__Guard()
                0x0000000000002b70                __Guard::__Guard()
 .text._ZN7__GuardD2Ev
                0x0000000000002b7e        0xe /private/var/folders/br/9sn255813yn62198tc80r2th0000gn/T/arduino/sketches/1C4D400F58406BD7D11144F8D4B10CE2/../../cores/arduino_samd_nano_33_iot_f971aea1e80ec870fb4bccc702e24003/core.a(USBCore.cpp.o)
                0x0000000000002b7e                __Guard::~__Guard()
                0x0000000000002b7e                __Guard::~__Guard()
 .text._ZNK26DoubleBufferedEPOutHandler10_availableEv
                0x0000000000002b8c       0x70 /private/var/folders/br/9sn255813yn62198tc80r2th0000gn/T/arduino/sketches/1C4D400F58406BD7D11144F8D4B10CE2/../../cores/arduino_samd_nano_33_iot_f971aea1e80ec870fb4bccc702e24003/core.a(USBCore.cpp.o)
                0x0000000000002b8c                DoubleBufferedEPOutHandler::_available() const
 .text._ZN26DoubleBufferedEPOutHandler7releaseEv
                0x0000000000002bfc       0x38 /private/var/folders/br/9sn255813yn62198tc80r2th0000gn/T/arduino/sketches/1C4D400F58406BD7D11144F8D4B10CE2/../../cores/arduino_samd_nano_33_iot_f971aea1e80ec870fb4bccc702e24003/core.a(USBCore.cpp.o)
                0x0000000000002bfc                DoubleBufferedEPOutHandler::release()
 .text._ZN26DoubleBufferedEPOutHandler14handleEndpointEv
                0x0000000000002c34       0xe2 /private/var/folders/br/9sn255813yn62198tc80r2th0000gn/T/arduino/sketches/1C4D400F58406BD7D11144F8D4B10CE2/../../cores/arduino_samd_nano_33_iot_f971aea1e80ec870fb4bccc702e24003/core.a(USBCore.cpp.o)
                0x0000000000002c34                DoubleBufferedEPOutHandler::handleEndpoint()
 .text._ZN14USBDeviceClass14SendInterfacesEPm
                0x0000000000002d16       0x20 /private/var/folders/br/9sn255813yn62198tc80r2th0000gn/T/arduino/sketches/1C4D400F58406BD7D11144F8D4B10CE2/../../cores/arduino_samd_nano_33_iot_f971aea1e80ec870fb4bccc702e24003/core.a(USBCore.cpp.o)
                0x0000000000002d16                USBDeviceClass::SendInterfaces(unsigned long*)
 *fill*         0x0000000000002d36        0x2 
 .text._ZN14USBDeviceClass6attachEv
                0x0000000000002d38       0x34 /private/var/folders/br/9sn255813yn62198tc80r2th0000gn/T/arduino/sketches/1C4D400F58406BD7D11144F8D4B10CE2/../../cores/arduino_samd_nano_33_iot_f971aea1e80ec870fb4bccc702e24003/core.a(USBCore.cpp.o)
                0x0000000000002d38                USBDeviceClass::attach()
 .text._ZN14USBDeviceClass10setAddressEm
                0x0000000000002d6c       0x48 /private/var/folders/br/9sn255813yn62198tc80r2th0000gn/T/arduino/sketches/1C4D400F58406BD7D11144F8D4B10CE2/../../cores/arduino_samd_nano_33_iot_f971aea1e80ec870fb4bccc702e24003/core.a(USBCore.cpp.o)
                0x0000000000002d6c                USBDeviceClass::setAddress(unsigned long)
 .text._ZN14USBDeviceClass25handleClassInterfaceSetupERN7arduino8USBSetupE
                0x0000000000002db4       0x24 /private/var/folders/br/9sn255813yn62198tc80r2th0000gn/T/arduino/sketches/1C4D400F58406BD7D11144F8D4B10CE2/../../cores/arduino_samd_nano_33_iot_f971aea1e80ec870fb4bccc702e24003/core.a(USBCore.cpp.o)
                0x0000000000002db4                USBDeviceClass::handleClassInterfaceSetup(arduino::USBSetup&)
 .text._ZN14USBDeviceClass6initEPEmm
                0x0000000000002dd8      0x10c /private/var/folders/br/9sn255813yn62198tc80r2th0000gn/T/arduino/sketches/1C4D400F58406BD7D11144F8D4B10CE2/../../cores/arduino_samd_nano_33_iot_f971aea1e80ec870fb4bccc702e24003/core.a(USBCore.cpp.o)
                0x0000000000002dd8                USBDeviceClass::initEP(unsigned long, unsigned long)
 .text._ZN14USBDeviceClass13initEndpointsEv
                0x0000000000002ee4       0x24 /private/var/folders/br/9sn255813yn62198tc80r2th0000gn/T/arduino/sketches/1C4D400F58406BD7D11144F8D4B10CE2/../../cores/arduino_samd_nano_33_iot_f971aea1e80ec870fb4bccc702e24003/core.a(USBCore.cpp.o)
                0x0000000000002ee4                USBDeviceClass::initEndpoints()
 .text._ZN14USBDeviceClass5clearEm
                0x0000000000002f08       0x38 /private/var/folders/br/9sn255813yn62198tc80r2th0000gn/T/arduino/sketches/1C4D400F58406BD7D11144F8D4B10CE2/../../cores/arduino_samd_nano_33_iot_f971aea1e80ec870fb4bccc702e24003/core.a(USBCore.cpp.o)
                0x0000000000002f08                USBDeviceClass::clear(unsigned long)
 .text._ZN14USBDeviceClass9availableEm
                0x0000000000002f40       0x2c /private/var/folders/br/9sn255813yn62198tc80r2th0000gn/T/arduino/sketches/1C4D400F58406BD7D11144F8D4B10CE2/../../cores/arduino_samd_nano_33_iot_f971aea1e80ec870fb4bccc702e24003/core.a(USBCore.cpp.o)
                0x0000000000002f40                USBDeviceClass::available(unsigned long)
 .text._ZN14USBDeviceClass5flushEm
                0x0000000000002f6c       0x2c /private/var/folders/br/9sn255813yn62198tc80r2th0000gn/T/arduino/sketches/1C4D400F58406BD7D11144F8D4B10CE2/../../cores/arduino_samd_nano_33_iot_f971aea1e80ec870fb4bccc702e24003/core.a(USBCore.cpp.o)
                0x0000000000002f6c                USBDeviceClass::flush(unsigned long)
 .text._ZN14USBDeviceClass4recvEmPvm
                0x0000000000002f98       0xc0 /private/var/folders/br/9sn255813yn62198tc80r2th0000gn/T/arduino/sketches/1C4D400F58406BD7D11144F8D4B10CE2/../../cores/arduino_samd_nano_33_iot_f971aea1e80ec870fb4bccc702e24003/core.a(USBCore.cpp.o)
                0x0000000000002f98                USBDeviceClass::recv(unsigned long, void*, unsigned long)
 .text._ZN14USBDeviceClass4recvEm
                0x0000000000003058       0x1c /private/var/folders/br/9sn255813yn62198tc80r2th0000gn/T/arduino/sketches/1C4D400F58406BD7D11144F8D4B10CE2/../../cores/arduino_samd_nano_33_iot_f971aea1e80ec870fb4bccc702e24003/core.a(USBCore.cpp.o)
                0x0000000000003058                USBDeviceClass::recv(unsigned long)
 .text._ZN14USBDeviceClass14armRecvCtrlOUTEm
                0x0000000000003074       0x5c /private/var/folders/br/9sn255813yn62198tc80r2th0000gn/T/arduino/sketches/1C4D400F58406BD7D11144F8D4B10CE2/../../cores/arduino_samd_nano_33_iot_f971aea1e80ec870fb4bccc702e24003/core.a(USBCore.cpp.o)
                0x0000000000003074                USBDeviceClass::armRecvCtrlOUT(unsigned long)
 .text._ZN14USBDeviceClass11recvControlEPvm
                0x00000000000030d0       0x28 /private/var/folders/br/9sn255813yn62198tc80r2th0000gn/T/arduino/sketches/1C4D400F58406BD7D11144F8D4B10CE2/../../cores/arduino_samd_nano_33_iot_f971aea1e80ec870fb4bccc702e24003/core.a(USBCore.cpp.o)
                0x00000000000030d0                USBDeviceClass::recvControl(void*, unsigned long)
 .text._ZN14USBDeviceClass4sendEmPKvm
                0x00000000000030f8      0x10c /private/var/folders/br/9sn255813yn62198tc80r2th0000gn/T/arduino/sketches/1C4D400F58406BD7D11144F8D4B10CE2/../../cores/arduino_samd_nano_33_iot_f971aea1e80ec870fb4bccc702e24003/core.a(USBCore.cpp.o)
                0x00000000000030f8                USBDeviceClass::send(unsigned long, void const*, unsigned long)
 .text._ZN14USBDeviceClass7armSendEmPKvm
                0x0000000000003204       0x48 /private/var/folders/br/9sn255813yn62198tc80r2th0000gn/T/arduino/sketches/1C4D400F58406BD7D11144F8D4B10CE2/../../cores/arduino_samd_nano_33_iot_f971aea1e80ec870fb4bccc702e24003/core.a(USBCore.cpp.o)
                0x0000000000003204                USBDeviceClass::armSend(unsigned long, void const*, unsigned long)
 .text._ZN14USBDeviceClass11sendControlEPKvm
                0x000000000000324c       0x54 /private/var/folders/br/9sn255813yn62198tc80r2th0000gn/T/arduino/sketches/1C4D400F58406BD7D11144F8D4B10CE2/../../cores/arduino_samd_nano_33_iot_f971aea1e80ec870fb4bccc702e24003/core.a(USBCore.cpp.o)
                0x000000000000324c                USBDeviceClass::sendControl(void const*, unsigned long)
 .text._ZN14USBDeviceClass20sendStringDescriptorEPKhm
                0x00000000000032a0       0x64 /private/var/folders/br/9sn255813yn62198tc80r2th0000gn/T/arduino/sketches/1C4D400F58406BD7D11144F8D4B10CE2/../../cores/arduino_samd_nano_33_iot_f971aea1e80ec870fb4bccc702e24003/core.a(USBCore.cpp.o)
                0x00000000000032a0                USBDeviceClass::sendStringDescriptor(unsigned char const*, unsigned long)
 .text._ZN14USBDeviceClass17sendConfigurationEm
                0x0000000000003304       0x80 /private/var/folders/br/9sn255813yn62198tc80r2th0000gn/T/arduino/sketches/1C4D400F58406BD7D11144F8D4B10CE2/../../cores/arduino_samd_nano_33_iot_f971aea1e80ec870fb4bccc702e24003/core.a(USBCore.cpp.o)
                0x0000000000003304                USBDeviceClass::sendConfiguration(unsigned long)
 .text._ZN14USBDeviceClass14sendDescriptorERN7arduino8USBSetupE
                0x0000000000003384       0xd8 /private/var/folders/br/9sn255813yn62198tc80r2th0000gn/T/arduino/sketches/1C4D400F58406BD7D11144F8D4B10CE2/../../cores/arduino_samd_nano_33_iot_f971aea1e80ec870fb4bccc702e24003/core.a(USBCore.cpp.o)
                0x0000000000003384                USBDeviceClass::sendDescriptor(arduino::USBSetup&)
 .text._ZN14USBDeviceClass7sendZlpEm
                0x000000000000345c       0x18 /private/var/folders/br/9sn255813yn62198tc80r2th0000gn/T/arduino/sketches/1C4D400F58406BD7D11144F8D4B10CE2/../../cores/arduino_samd_nano_33_iot_f971aea1e80ec870fb4bccc702e24003/core.a(USBCore.cpp.o)
                0x000000000000345c                USBDeviceClass::sendZlp(unsigned long)
 .text._ZN14USBDeviceClass19handleStandardSetupERN7arduino8USBSetupE
                0x0000000000003474       0xf0 /private/var/folders/br/9sn255813yn62198tc80r2th0000gn/T/arduino/sketches/1C4D400F58406BD7D11144F8D4B10CE2/../../cores/arduino_samd_nano_33_iot_f971aea1e80ec870fb4bccc702e24003/core.a(USBCore.cpp.o)
                0x0000000000003474                USBDeviceClass::handleStandardSetup(arduino::USBSetup&)
 .text._ZN14USBDeviceClass10ISRHandlerEv
                0x0000000000003564      0x108 /private/var/folders/br/9sn255813yn62198tc80r2th0000gn/T/arduino/sketches/1C4D400F58406BD7D11144F8D4B10CE2/../../cores/arduino_samd_nano_33_iot_f971aea1e80ec870fb4bccc702e24003/core.a(USBCore.cpp.o)
                0x0000000000003564                USBDeviceClass::ISRHandler()
 .text.UDD_Handler
                0x000000000000366c       0x10 /private/var/folders/br/9sn255813yn62198tc80r2th0000gn/T/arduino/sketches/1C4D400F58406BD7D11144F8D4B10CE2/../../cores/arduino_samd_nano_33_iot_f971aea1e80ec870fb4bccc702e24003/core.a(USBCore.cpp.o)
                0x000000000000366c                UDD_Handler
 .text._ZN7arduino13PluggableUSB_C2Ev
                0x000000000000367c       0x10 /private/var/folders/br/9sn255813yn62198tc80r2th0000gn/T/arduino/sketches/1C4D400F58406BD7D11144F8D4B10CE2/../../cores/arduino_samd_nano_33_iot_f971aea1e80ec870fb4bccc702e24003/core.a(USBCore.cpp.o)
                0x000000000000367c                arduino::PluggableUSB_::PluggableUSB_()
                0x000000000000367c                arduino::PluggableUSB_::PluggableUSB_()
 .text._Z8epBufferj
                0x000000000000368c        0xc /private/var/folders/br/9sn255813yn62198tc80r2th0000gn/T/arduino/sketches/1C4D400F58406BD7D11144F8D4B10CE2/../../cores/arduino_samd_nano_33_iot_f971aea1e80ec870fb4bccc702e24003/core.a(USBCore.cpp.o)
                0x000000000000368c                epBuffer(unsigned int)
 .text._ZN7arduino11RingBufferNILi64EE10store_charEh
                0x0000000000003698       0x1c /private/var/folders/br/9sn255813yn62198tc80r2th0000gn/T/arduino/sketches/1C4D400F58406BD7D11144F8D4B10CE2/../../cores/arduino_samd_nano_33_iot_f971aea1e80ec870fb4bccc702e24003/core.a(USBCore.cpp.o)
                0x0000000000003698                arduino::RingBufferN<64>::store_char(unsigned char)
 .text._ZN26DoubleBufferedEPOutHandler5_recvEv
                0x00000000000036b4      0x15e /private/var/folders/br/9sn255813yn62198tc80r2th0000gn/T/arduino/sketches/1C4D400F58406BD7D11144F8D4B10CE2/../../cores/arduino_samd_nano_33_iot_f971aea1e80ec870fb4bccc702e24003/core.a(USBCore.cpp.o)
                0x00000000000036b4                DoubleBufferedEPOutHandler::_recv()
 .text._ZN26DoubleBufferedEPOutHandler9availableEv
                0x0000000000003812        0xc /private/var/folders/br/9sn255813yn62198tc80r2th0000gn/T/arduino/sketches/1C4D400F58406BD7D11144F8D4B10CE2/../../cores/arduino_samd_nano_33_iot_f971aea1e80ec870fb4bccc702e24003/core.a(USBCore.cpp.o)
                0x0000000000003812                DoubleBufferedEPOutHandler::available()
 .text._ZN26DoubleBufferedEPOutHandler4peekEv
                0x000000000000381e       0x1c /private/var/folders/br/9sn255813yn62198tc80r2th0000gn/T/arduino/sketches/1C4D400F58406BD7D11144F8D4B10CE2/../../cores/arduino_samd_nano_33_iot_f971aea1e80ec870fb4bccc702e24003/core.a(USBCore.cpp.o)
                0x000000000000381e                DoubleBufferedEPOutHandler::peek()
 .text._ZN26DoubleBufferedEPOutHandler4recvEPvm
                0x000000000000383a       0x60 /private/var/folders/br/9sn255813yn62198tc80r2th0000gn/T/arduino/sketches/1C4D400F58406BD7D11144F8D4B10CE2/../../cores/arduino_samd_nano_33_iot_f971aea1e80ec870fb4bccc702e24003/core.a(USBCore.cpp.o)
                0x000000000000383a                DoubleBufferedEPOutHandler::recv(void*, unsigned long)
 *fill*         0x000000000000389a        0x2 
 .text.startup._GLOBAL__sub_I_usbd
                0x000000000000389c       0x10 /private/var/folders/br/9sn255813yn62198tc80r2th0000gn/T/arduino/sketches/1C4D400F58406BD7D11144F8D4B10CE2/../../cores/arduino_samd_nano_33_iot_f971aea1e80ec870fb4bccc702e24003/core.a(USBCore.cpp.o)
 .text._ZN14USBDeviceClass4initEv
                0x00000000000038ac      0x15c /private/var/folders/br/9sn255813yn62198tc80r2th0000gn/T/arduino/sketches/1C4D400F58406BD7D11144F8D4B10CE2/../../cores/arduino_samd_nano_33_iot_f971aea1e80ec870fb4bccc702e24003/core.a(USBCore.cpp.o)
                0x00000000000038ac                USBDeviceClass::init()
 .text._ZN4UartcvbEv
                0x0000000000003a08        0x4 /private/var/folders/br/9sn255813yn62198tc80r2th0000gn/T/arduino/sketches/1C4D400F58406BD7D11144F8D4B10CE2/../../cores/arduino_samd_nano_33_iot_f971aea1e80ec870fb4bccc702e24003/core.a(Uart.cpp.o)
                0x0000000000003a08                Uart::operator bool()
 .text._ZN4Uart5beginEm
                0x0000000000003a0c       0x10 /private/var/folders/br/9sn255813yn62198tc80r2th0000gn/T/arduino/sketches/1C4D400F58406BD7D11144F8D4B10CE2/../../cores/arduino_samd_nano_33_iot_f971aea1e80ec870fb4bccc702e24003/core.a(Uart.cpp.o)
                0x0000000000003a0c                Uart::begin(unsigned long)
 .text._ZN4Uart9availableEv
                0x0000000000003a1c        0x6 /private/var/folders/br/9sn255813yn62198tc80r2th0000gn/T/arduino/sketches/1C4D400F58406BD7D11144F8D4B10CE2/../../cores/arduino_samd_nano_33_iot_f971aea1e80ec870fb4bccc702e24003/core.a(Uart.cpp.o)
                0x0000000000003a1c                Uart::available()
 .text._ZN4Uart17availableForWriteEv
                0x0000000000003a22       0x10 /private/var/folders/br/9sn255813yn62198tc80r2th0000gn/T/arduino/sketches/1C4D400F58406BD7D11144F8D4B10CE2/../../cores/arduino_samd_nano_33_iot_f971aea1e80ec870fb4bccc702e24003/core.a(Uart.cpp.o)
                0x0000000000003a22                Uart::availableForWrite()
 .text._ZN4Uart4peekEv
                0x0000000000003a32       0x18 /private/var/folders/br/9sn255813yn62198tc80r2th0000gn/T/arduino/sketches/1C4D400F58406BD7D11144F8D4B10CE2/../../cores/arduino_samd_nano_33_iot_f971aea1e80ec870fb4bccc702e24003/core.a(Uart.cpp.o)
                0x0000000000003a32                Uart::peek()
 .text._ZN4Uart3endEv
                0x0000000000003a4a       0x24 /private/var/folders/br/9sn255813yn62198tc80r2th0000gn/T/arduino/sketches/1C4D400F58406BD7D11144F8D4B10CE2/../../cores/arduino_samd_nano_33_iot_f971aea1e80ec870fb4bccc702e24003/core.a(Uart.cpp.o)
                0x0000000000003a4a                Uart::end()
 .text._ZN4Uart5flushEv
                0x0000000000003a6e       0x16 /private/var/folders/br/9sn255813yn62198tc80r2th0000gn/T/arduino/sketches/1C4D400F58406BD7D11144F8D4B10CE2/../../cores/arduino_samd_nano_33_iot_f971aea1e80ec870fb4bccc702e24003/core.a(Uart.cpp.o)
                0x0000000000003a6e                Uart::flush()
 .text._ZN4Uart16extractNbStopBitEt
                0x0000000000003a84        0xc /private/var/folders/br/9sn255813yn62198tc80r2th0000gn/T/arduino/sketches/1C4D400F58406BD7D11144F8D4B10CE2/../../cores/arduino_samd_nano_33_iot_f971aea1e80ec870fb4bccc702e24003/core.a(Uart.cpp.o)
                0x0000000000003a84                Uart::extractNbStopBit(unsigned short)
 .text._ZN4Uart15extractCharSizeEt
                0x0000000000003a90       0x28 /private/var/folders/br/9sn255813yn62198tc80r2th0000gn/T/arduino/sketches/1C4D400F58406BD7D11144F8D4B10CE2/../../cores/arduino_samd_nano_33_iot_f971aea1e80ec870fb4bccc702e24003/core.a(Uart.cpp.o)
                0x0000000000003a90                Uart::extractCharSize(unsigned short)
 .text._ZN4Uart13extractParityEt
                0x0000000000003ab8       0x14 /private/var/folders/br/9sn255813yn62198tc80r2th0000gn/T/arduino/sketches/1C4D400F58406BD7D11144F8D4B10CE2/../../cores/arduino_samd_nano_33_iot_f971aea1e80ec870fb4bccc702e24003/core.a(Uart.cpp.o)
                0x0000000000003ab8                Uart::extractParity(unsigned short)
 .text._ZN4Uart5beginEmt
                0x0000000000003acc       0xf8 /private/var/folders/br/9sn255813yn62198tc80r2th0000gn/T/arduino/sketches/1C4D400F58406BD7D11144F8D4B10CE2/../../cores/arduino_samd_nano_33_iot_f971aea1e80ec870fb4bccc702e24003/core.a(Uart.cpp.o)
                0x0000000000003acc                Uart::begin(unsigned long, unsigned short)
 .text._ZN7arduino11RingBufferNILi256EEC2Ev
                0x0000000000003bc4       0x1e /private/var/folders/br/9sn255813yn62198tc80r2th0000gn/T/arduino/sketches/1C4D400F58406BD7D11144F8D4B10CE2/../../cores/arduino_samd_nano_33_iot_f971aea1e80ec870fb4bccc702e24003/core.a(Uart.cpp.o)
                0x0000000000003bc4                arduino::RingBufferN<256>::RingBufferN()
                0x0000000000003bc4                arduino::RingBufferN<256>::RingBufferN()
 *fill*         0x0000000000003be2        0x2 
 .text._ZN4UartC2EP6SERCOMhh11SercomRXPad15SercomUartTXPadhh
                0x0000000000003be4       0x88 /private/var/folders/br/9sn255813yn62198tc80r2th0000gn/T/arduino/sketches/1C4D400F58406BD7D11144F8D4B10CE2/../../cores/arduino_samd_nano_33_iot_f971aea1e80ec870fb4bccc702e24003/core.a(Uart.cpp.o)
                0x0000000000003be4                Uart::Uart(SERCOM*, unsigned char, unsigned char, SercomRXPad, SercomUartTXPad, unsigned char, unsigned char)
                0x0000000000003be4                Uart::Uart(SERCOM*, unsigned char, unsigned char, SercomRXPad, SercomUartTXPad, unsigned char, unsigned char)
 .text._ZN4UartC2EP6SERCOMhh11SercomRXPad15SercomUartTXPad
                0x0000000000003c6c       0x74 /private/var/folders/br/9sn255813yn62198tc80r2th0000gn/T/arduino/sketches/1C4D400F58406BD7D11144F8D4B10CE2/../../cores/arduino_samd_nano_33_iot_f971aea1e80ec870fb4bccc702e24003/core.a(Uart.cpp.o)
                0x0000000000003c6c                Uart::Uart(SERCOM*, unsigned char, unsigned char, SercomRXPad, SercomUartTXPad)
                0x0000000000003c6c                Uart::Uart(SERCOM*, unsigned char, unsigned char, SercomRXPad, SercomUartTXPad)
 .text._ZN7arduino15SafeRingBufferNILi256EE10store_charEh
                0x0000000000003ce0       0x4a /private/var/folders/br/9sn255813yn62198tc80r2th0000gn/T/arduino/sketches/1C4D400F58406BD7D11144F8D4B10CE2/../../cores/arduino_samd_nano_33_iot_f971aea1e80ec870fb4bccc702e24003/core.a(Uart.cpp.o)
                0x0000000000003ce0                arduino::SafeRingBufferN<256>::store_char(unsigned char)
 .text._ZN7arduino15SafeRingBufferNILi256EE9read_charEv
                0x0000000000003d2a       0x50 /private/var/folders/br/9sn255813yn62198tc80r2th0000gn/T/arduino/sketches/1C4D400F58406BD7D11144F8D4B10CE2/../../cores/arduino_samd_nano_33_iot_f971aea1e80ec870fb4bccc702e24003/core.a(Uart.cpp.o)
                0x0000000000003d2a                arduino::SafeRingBufferN<256>::read_char()
 .text._ZN4Uart10IrqHandlerEv
                0x0000000000003d7a       0xa4 /private/var/folders/br/9sn255813yn62198tc80r2th0000gn/T/arduino/sketches/1C4D400F58406BD7D11144F8D4B10CE2/../../cores/arduino_samd_nano_33_iot_f971aea1e80ec870fb4bccc702e24003/core.a(Uart.cpp.o)
                0x0000000000003d7a                Uart::IrqHandler()
 *fill*         0x0000000000003e1e        0x2 
 .text._ZN4Uart5writeEh
                0x0000000000003e20       0x9c /private/var/folders/br/9sn255813yn62198tc80r2th0000gn/T/arduino/sketches/1C4D400F58406BD7D11144F8D4B10CE2/../../cores/arduino_samd_nano_33_iot_f971aea1e80ec870fb4bccc702e24003/core.a(Uart.cpp.o)
                0x0000000000003e20                Uart::write(unsigned char)
 .text._ZN4Uart4readEv
                0x0000000000003ebc       0x34 /private/var/folders/br/9sn255813yn62198tc80r2th0000gn/T/arduino/sketches/1C4D400F58406BD7D11144F8D4B10CE2/../../cores/arduino_samd_nano_33_iot_f971aea1e80ec870fb4bccc702e24003/core.a(Uart.cpp.o)
                0x0000000000003ebc                Uart::read()
 .text._Z6randoml
                0x0000000000003ef0       0x16 /private/var/folders/br/9sn255813yn62198tc80r2th0000gn/T/arduino/sketches/1C4D400F58406BD7D11144F8D4B10CE2/../../cores/arduino_samd_nano_33_iot_f971aea1e80ec870fb4bccc702e24003/core.a(WMath.cpp.o)
                0x0000000000003ef0                random(long)
 .text._ZN7arduino13PluggableUSB_12getInterfaceEPh
                0x0000000000003f06       0x28 /private/var/folders/br/9sn255813yn62198tc80r2th0000gn/T/arduino/sketches/1C4D400F58406BD7D11144F8D4B10CE2/../../cores/arduino_samd_nano_33_iot_f971aea1e80ec870fb4bccc702e24003/core.a(PluggableUSB.cpp.o)
                0x0000000000003f06                arduino::PluggableUSB_::getInterface(unsigned char*)
 .text._ZN7arduino13PluggableUSB_13getDescriptorERNS_8USBSetupE
                0x0000000000003f2e       0x20 /private/var/folders/br/9sn255813yn62198tc80r2th0000gn/T/arduino/sketches/1C4D400F58406BD7D11144F8D4B10CE2/../../cores/arduino_samd_nano_33_iot_f971aea1e80ec870fb4bccc702e24003/core.a(PluggableUSB.cpp.o)
                0x0000000000003f2e                arduino::PluggableUSB_::getDescriptor(arduino::USBSetup&)
 .text._ZN7arduino13PluggableUSB_12getShortNameEPc
                0x0000000000003f4e       0x1e /private/var/folders/br/9sn255813yn62198tc80r2th0000gn/T/arduino/sketches/1C4D400F58406BD7D11144F8D4B10CE2/../../cores/arduino_samd_nano_33_iot_f971aea1e80ec870fb4bccc702e24003/core.a(PluggableUSB.cpp.o)
                0x0000000000003f4e                arduino::PluggableUSB_::getShortName(char*)
 .text._ZN7arduino13PluggableUSB_5setupERNS_8USBSetupE
                0x0000000000003f6c       0x20 /private/var/folders/br/9sn255813yn62198tc80r2th0000gn/T/arduino/sketches/1C4D400F58406BD7D11144F8D4B10CE2/../../cores/arduino_samd_nano_33_iot_f971aea1e80ec870fb4bccc702e24003/core.a(PluggableUSB.cpp.o)
                0x0000000000003f6c                arduino::PluggableUSB_::setup(arduino::USBSetup&)
 .text._ZN7arduino13PluggableUSB_4plugEPNS_18PluggableUSBModuleE
                0x0000000000003f8c       0x5c /private/var/folders/br/9sn255813yn62198tc80r2th0000gn/T/arduino/sketches/1C4D400F58406BD7D11144F8D4B10CE2/../../cores/arduino_samd_nano_33_iot_f971aea1e80ec870fb4bccc702e24003/core.a(PluggableUSB.cpp.o)
                0x0000000000003f8c                arduino::PluggableUSB_::plug(arduino::PluggableUSBModule*)
 .text._Z12PluggableUSBv
                0x0000000000003fe8       0x24 /private/var/folders/br/9sn255813yn62198tc80r2th0000gn/T/arduino/sketches/1C4D400F58406BD7D11144F8D4B10CE2/../../cores/arduino_samd_nano_33_iot_f971aea1e80ec870fb4bccc702e24003/core.a(PluggableUSB.cpp.o)
                0x0000000000003fe8                PluggableUSB()
 .text._ZN7arduino5Print5writeEPKhj
                0x000000000000400c       0x28 /private/var/folders/br/9sn255813yn62198tc80r2th0000gn/T/arduino/sketches/1C4D400F58406BD7D11144F8D4B10CE2/../../cores/arduino_samd_nano_33_iot_f971aea1e80ec870fb4bccc702e24003/core.a(Print.cpp.o)
                0x000000000000400c                arduino::Print::write(unsigned char const*, unsigned int)
 .text._ZN7arduino5Print5writeEPKc.part.2
                0x0000000000004034       0x1a /private/var/folders/br/9sn255813yn62198tc80r2th0000gn/T/arduino/sketches/1C4D400F58406BD7D11144F8D4B10CE2/../../cores/arduino_samd_nano_33_iot_f971aea1e80ec870fb4bccc702e24003/core.a(Print.cpp.o)
 .text._ZN7arduino5Print5writeEPKc
                0x000000000000404e       0x10 /private/var/folders/br/9sn255813yn62198tc80r2th0000gn/T/arduino/sketches/1C4D400F58406BD7D11144F8D4B10CE2/../../cores/arduino_samd_nano_33_iot_f971aea1e80ec870fb4bccc702e24003/core.a(Print.cpp.o)
                0x000000000000404e                arduino::Print::write(char const*)
 *fill*         0x000000000000405e        0x2 
 .text._ZN7arduino5Print7printlnEv
                0x0000000000004060       0x10 /private/var/folders/br/9sn255813yn62198tc80r2th0000gn/T/arduino/sketches/1C4D400F58406BD7D11144F8D4B10CE2/../../cores/arduino_samd_nano_33_iot_f971aea1e80ec870fb4bccc702e24003/core.a(Print.cpp.o)
                0x0000000000004060                arduino::Print::println()
 .text._ZN7arduino5Print7printlnEPKc
                0x0000000000004070       0x14 /private/var/folders/br/9sn255813yn62198tc80r2th0000gn/T/arduino/sketches/1C4D400F58406BD7D11144F8D4B10CE2/../../cores/arduino_samd_nano_33_iot_f971aea1e80ec870fb4bccc702e24003/core.a(Print.cpp.o)
                0x0000000000004070                arduino::Print::println(char const*)
 .text.Dummy_Handler
                0x0000000000004084        0x2 /private/var/folders/br/9sn255813yn62198tc80r2th0000gn/T/arduino/sketches/1C4D400F58406BD7D11144F8D4B10CE2/../../cores/arduino_samd_nano_33_iot_f971aea1e80ec870fb4bccc702e24003/core.a(cortex_handlers.c.o)
                0x0000000000004084                SYSCTRL_Handler
                0x0000000000004084                HardFault_Handler
                0x0000000000004084                AC_Handler
                0x0000000000004084                PendSV_Handler
                0x0000000000004084                NMI_Handler
                0x0000000000004084                TC7_Handler
                0x0000000000004084                SERCOM1_Handler
                0x0000000000004084                ADC_Handler
                0x0000000000004084                TCC1_Handler
                0x0000000000004084                TCC0_Handler
                0x0000000000004084                RTC_Handler
                0x0000000000004084                EIC_Handler
                0x0000000000004084                TC6_Handler
                0x0000000000004084                WDT_Handler
                0x0000000000004084                TC4_Handler
                0x0000000000004084                TC3_Handler
                0x0000000000004084                Dummy_Handler
                0x0000000000004084                PM_Handler
                0x0000000000004084                SVC_Handler
                0x0000000000004084                TCC2_Handler
                0x0000000000004084                EVSYS_Handler
                0x0000000000004084                SERCOM4_Handler
                0x0000000000004084                I2S_Handler
                0x0000000000004084                NVMCTRL_Handler
                0x0000000000004084                SERCOM0_Handler
                0x0000000000004084                DAC_Handler
                0x0000000000004084                PTC_Handler
                0x0000000000004084                DMAC_Handler
 *fill*         0x0000000000004086        0x2 
 .text.USB_Handler
                0x0000000000004088       0x14 /private/var/folders/br/9sn255813yn62198tc80r2th0000gn/T/arduino/sketches/1C4D400F58406BD7D11144F8D4B10CE2/../../cores/arduino_samd_nano_33_iot_f971aea1e80ec870fb4bccc702e24003/core.a(cortex_handlers.c.o)
                0x0000000000004088                USB_Handler
 .text.Reset_Handler
                0x000000000000409c       0x54 /private/var/folders/br/9sn255813yn62198tc80r2th0000gn/T/arduino/sketches/1C4D400F58406BD7D11144F8D4B10CE2/../../cores/arduino_samd_nano_33_iot_f971aea1e80ec870fb4bccc702e24003/core.a(cortex_handlers.c.o)
                0x000000000000409c                Reset_Handler
 .text.SysTick_Handler
                0x00000000000040f0       0x10 /private/var/folders/br/9sn255813yn62198tc80r2th0000gn/T/arduino/sketches/1C4D400F58406BD7D11144F8D4B10CE2/../../cores/arduino_samd_nano_33_iot_f971aea1e80ec870fb4bccc702e24003/core.a(cortex_handlers.c.o)
                0x00000000000040f0                SysTick_Handler
 .text.USB_SetHandler
                0x0000000000004100        0xc /private/var/folders/br/9sn255813yn62198tc80r2th0000gn/T/arduino/sketches/1C4D400F58406BD7D11144F8D4B10CE2/../../cores/arduino_samd_nano_33_iot_f971aea1e80ec870fb4bccc702e24003/core.a(cortex_handlers.c.o)
                0x0000000000004100                USB_SetHandler
 .text.millis   0x000000000000410c        0xc /private/var/folders/br/9sn255813yn62198tc80r2th0000gn/T/arduino/sketches/1C4D400F58406BD7D11144F8D4B10CE2/../../cores/arduino_samd_nano_33_iot_f971aea1e80ec870fb4bccc702e24003/core.a(delay.c.o)
                0x000000000000410c                millis
 .text.micros   0x0000000000004118       0x60 /private/var/folders/br/9sn255813yn62198tc80r2th0000gn/T/arduino/sketches/1C4D400F58406BD7D11144F8D4B10CE2/../../cores/arduino_samd_nano_33_iot_f971aea1e80ec870fb4bccc702e24003/core.a(delay.c.o)
                0x0000000000004118                micros
 .text.delay    0x0000000000004178       0x30 /private/var/folders/br/9sn255813yn62198tc80r2th0000gn/T/arduino/sketches/1C4D400F58406BD7D11144F8D4B10CE2/../../cores/arduino_samd_nano_33_iot_f971aea1e80ec870fb4bccc702e24003/core.a(delay.c.o)
                0x0000000000004178                delay
 .text.SysTick_DefaultHandler
                0x00000000000041a8       0x14 /private/var/folders/br/9sn255813yn62198tc80r2th0000gn/T/arduino/sketches/1C4D400F58406BD7D11144F8D4B10CE2/../../cores/arduino_samd_nano_33_iot_f971aea1e80ec870fb4bccc702e24003/core.a(delay.c.o)
                0x00000000000041a8                SysTick_DefaultHandler
 .text.delayMicroseconds
                0x00000000000041bc       0x16 /private/var/folders/br/9sn255813yn62198tc80r2th0000gn/T/arduino/sketches/1C4D400F58406BD7D11144F8D4B10CE2/../../cores/arduino_samd_nano_33_iot_f971aea1e80ec870fb4bccc702e24003/core.a(delay.c.o)
                0x00000000000041bc                delayMicroseconds
 .text.__empty  0x00000000000041d2        0x2 /private/var/folders/br/9sn255813yn62198tc80r2th0000gn/T/arduino/sketches/1C4D400F58406BD7D11144F8D4B10CE2/../../cores/arduino_samd_nano_33_iot_f971aea1e80ec870fb4bccc702e24003/core.a(hooks.c.o)
                0x00000000000041d2                yield
 .text.__false  0x00000000000041d4        0x4 /private/var/folders/br/9sn255813yn62198tc80r2th0000gn/T/arduino/sketches/1C4D400F58406BD7D11144F8D4B10CE2/../../cores/arduino_samd_nano_33_iot_f971aea1e80ec870fb4bccc702e24003/core.a(hooks.c.o)
                0x00000000000041d4                sysTickHook
 .text.startup.main
                0x00000000000041d8       0x40 /private/var/folders/br/9sn255813yn62198tc80r2th0000gn/T/arduino/sketches/1C4D400F58406BD7D11144F8D4B10CE2/../../cores/arduino_samd_nano_33_iot_f971aea1e80ec870fb4bccc702e24003/core.a(main.cpp.o)
                0x00000000000041d8                main
 .text._Znwj    0x0000000000004218        0x8 /private/var/folders/br/9sn255813yn62198tc80r2th0000gn/T/arduino/sketches/1C4D400F58406BD7D11144F8D4B10CE2/../../cores/arduino_samd_nano_33_iot_f971aea1e80ec870fb4bccc702e24003/core.a(new.cpp.o)
                0x0000000000004218                operator new(unsigned int)
 .text._ZdlPv   0x0000000000004220        0x8 /private/var/folders/br/9sn255813yn62198tc80r2th0000gn/T/arduino/sketches/1C4D400F58406BD7D11144F8D4B10CE2/../../cores/arduino_samd_nano_33_iot_f971aea1e80ec870fb4bccc702e24003/core.a(new.cpp.o)
                0x0000000000004220                operator delete(void*)
 .text.pulseIn  0x0000000000004228       0x7c /private/var/folders/br/9sn255813yn62198tc80r2th0000gn/T/arduino/sketches/1C4D400F58406BD7D11144F8D4B10CE2/../../cores/arduino_samd_nano_33_iot_f971aea1e80ec870fb4bccc702e24003/core.a(pulse.c.o)
                0x0000000000004228                pulseIn
 .text.countPulseASM
                0x00000000000042a4       0x3c /private/var/folders/br/9sn255813yn62198tc80r2th0000gn/T/arduino/sketches/1C4D400F58406BD7D11144F8D4B10CE2/../../cores/arduino_samd_nano_33_iot_f971aea1e80ec870fb4bccc702e24003/core.a(pulse_asm.S.o)
                0x00000000000042a4                countPulseASM
 .text.SystemInit
                0x00000000000042e0      0x194 /private/var/folders/br/9sn255813yn62198tc80r2th0000gn/T/arduino/sketches/1C4D400F58406BD7D11144F8D4B10CE2/../../cores/arduino_samd_nano_33_iot_f971aea1e80ec870fb4bccc702e24003/core.a(startup.c.o)
                0x00000000000042e0                SystemInit
 .text.init     0x0000000000004474       0xf0 /private/var/folders/br/9sn255813yn62198tc80r2th0000gn/T/arduino/sketches/1C4D400F58406BD7D11144F8D4B10CE2/../../cores/arduino_samd_nano_33_iot_f971aea1e80ec870fb4bccc702e24003/core.a(wiring.c.o)
                0x0000000000004474                init
 .text.analogReference
                0x0000000000004564       0x64 /private/var/folders/br/9sn255813yn62198tc80r2th0000gn/T/arduino/sketches/1C4D400F58406BD7D11144F8D4B10CE2/../../cores/arduino_samd_nano_33_iot_f971aea1e80ec870fb4bccc702e24003/core.a(wiring_analog.c.o)
                0x0000000000004564                analogReference
 .text.pinMode  0x00000000000045c8       0x98 /private/var/folders/br/9sn255813yn62198tc80r2th0000gn/T/arduino/sketches/1C4D400F58406BD7D11144F8D4B10CE2/../../cores/arduino_samd_nano_33_iot_f971aea1e80ec870fb4bccc702e24003/core.a(wiring_digital.c.o)
                0x00000000000045c8                pinMode
 .text.digitalWrite
                0x0000000000004660       0x58 /private/var/folders/br/9sn255813yn62198tc80r2th0000gn/T/arduino/sketches/1C4D400F58406BD7D11144F8D4B10CE2/../../cores/arduino_samd_nano_33_iot_f971aea1e80ec870fb4bccc702e24003/core.a(wiring_digital.c.o)
                0x0000000000004660                digitalWrite
 .text.digitalRead
                0x00000000000046b8       0x30 /private/var/folders/br/9sn255813yn62198tc80r2th0000gn/T/arduino/sketches/1C4D400F58406BD7D11144F8D4B10CE2/../../cores/arduino_samd_nano_33_iot_f971aea1e80ec870fb4bccc702e24003/core.a(wiring_digital.c.o)
                0x00000000000046b8                digitalRead
 .text.pinPeripheral
                0x00000000000046e8       0xc0 /private/var/folders/br/9sn255813yn62198tc80r2th0000gn/T/arduino/sketches/1C4D400F58406BD7D11144F8D4B10CE2/../../cores/arduino_samd_nano_33_iot_f971aea1e80ec870fb4bccc702e24003/core.a(wiring_private.c.o)
                0x00000000000046e8                pinPeripheral
 .text.initiateReset
                0x00000000000047a8       0x14 /private/var/folders/br/9sn255813yn62198tc80r2th0000gn/T/arduino/sketches/1C4D400F58406BD7D11144F8D4B10CE2/../../cores/arduino_samd_nano_33_iot_f971aea1e80ec870fb4bccc702e24003/core.a(Reset.cpp.o)
                0x00000000000047a8                initiateReset
 .text.cancelReset
                0x00000000000047bc       0x10 /private/var/folders/br/9sn255813yn62198tc80r2th0000gn/T/arduino/sketches/1C4D400F58406BD7D11144F8D4B10CE2/../../cores/arduino_samd_nano_33_iot_f971aea1e80ec870fb4bccc702e24003/core.a(Reset.cpp.o)
                0x00000000000047bc                cancelReset
 .text.tickReset
                0x00000000000047cc       0x78 /private/var/folders/br/9sn255813yn62198tc80r2th0000gn/T/arduino/sketches/1C4D400F58406BD7D11144F8D4B10CE2/../../cores/arduino_samd_nano_33_iot_f971aea1e80ec870fb4bccc702e24003/core.a(Reset.cpp.o)
                0x00000000000047cc                tickReset
 .text          0x0000000000004844       0x14 /Users/drormargalit/Library/Arduino15/packages/arduino/tools/arm-none-eabi-gcc/7-2017q4/bin/../lib/gcc/arm-none-eabi/7.2.1/thumb/v6-m/libgcc.a(_thumb1_case_uqi.o)
                0x0000000000004844                __gnu_thumb1_case_uqi
 .text          0x0000000000004858      0x114 /Users/drormargalit/Library/Arduino15/packages/arduino/tools/arm-none-eabi-gcc/7-2017q4/bin/../lib/gcc/arm-none-eabi/7.2.1/thumb/v6-m/libgcc.a(_udivsi3.o)
                0x0000000000004858                __udivsi3
                0x0000000000004858                __aeabi_uidiv
                0x0000000000004964                __aeabi_uidivmod
 .text          0x000000000000496c      0x1d4 /Users/drormargalit/Library/Arduino15/packages/arduino/tools/arm-none-eabi-gcc/7-2017q4/bin/../lib/gcc/arm-none-eabi/7.2.1/thumb/v6-m/libgcc.a(_divsi3.o)
                0x000000000000496c                __aeabi_idiv
                0x000000000000496c                __divsi3
                0x0000000000004b38                __aeabi_idivmod
 .text          0x0000000000004b40        0x4 /Users/drormargalit/Library/Arduino15/packages/arduino/tools/arm-none-eabi-gcc/7-2017q4/bin/../lib/gcc/arm-none-eabi/7.2.1/thumb/v6-m/libgcc.a(_dvmd_tls.o)
                0x0000000000004b40                __aeabi_ldiv0
                0x0000000000004b40                __aeabi_idiv0
 .text          0x0000000000004b44      0x4e4 /Users/drormargalit/Library/Arduino15/packages/arduino/tools/arm-none-eabi-gcc/7-2017q4/bin/../lib/gcc/arm-none-eabi/7.2.1/thumb/v6-m/libgcc.a(muldf3.o)
                0x0000000000004b44                __aeabi_dmul
 .text          0x0000000000005028       0x6c /Users/drormargalit/Library/Arduino15/packages/arduino/tools/arm-none-eabi-gcc/7-2017q4/bin/../lib/gcc/arm-none-eabi/7.2.1/thumb/v6-m/libgcc.a(fixdfsi.o)
                0x0000000000005028                __aeabi_d2iz
 .text          0x0000000000005094       0x74 /Users/drormargalit/Library/Arduino15/packages/arduino/tools/arm-none-eabi-gcc/7-2017q4/bin/../lib/gcc/arm-none-eabi/7.2.1/thumb/v6-m/libgcc.a(floatsidf.o)
                0x0000000000005094                __aeabi_i2d
 .text          0x0000000000005108       0x3c /Users/drormargalit/Library/Arduino15/packages/arduino/tools/arm-none-eabi-gcc/7-2017q4/bin/../lib/gcc/arm-none-eabi/7.2.1/thumb/v6-m/libgcc.a(_clzsi2.o)
                0x0000000000005108                __clzsi2
 .text.__libc_init_array
                0x0000000000005144       0x48 /Users/drormargalit/Library/Arduino15/packages/arduino/tools/arm-none-eabi-gcc/7-2017q4/bin/../lib/gcc/arm-none-eabi/7.2.1/../../../../arm-none-eabi/lib/thumb/v6-m/libc_nano.a(lib_a-init.o)
                0x0000000000005144                __libc_init_array
 .text.malloc   0x000000000000518c       0x14 /Users/drormargalit/Library/Arduino15/packages/arduino/tools/arm-none-eabi-gcc/7-2017q4/bin/../lib/gcc/arm-none-eabi/7.2.1/../../../../arm-none-eabi/lib/thumb/v6-m/libc_nano.a(lib_a-malloc.o)
                0x000000000000518c                malloc
 .text.free     0x00000000000051a0       0x14 /Users/drormargalit/Library/Arduino15/packages/arduino/tools/arm-none-eabi-gcc/7-2017q4/bin/../lib/gcc/arm-none-eabi/7.2.1/../../../../arm-none-eabi/lib/thumb/v6-m/libc_nano.a(lib_a-malloc.o)
                0x00000000000051a0                free
 .text.memcpy   0x00000000000051b4       0x12 /Users/drormargalit/Library/Arduino15/packages/arduino/tools/arm-none-eabi-gcc/7-2017q4/bin/../lib/gcc/arm-none-eabi/7.2.1/../../../../arm-none-eabi/lib/thumb/v6-m/libc_nano.a(lib_a-memcpy-stub.o)
                0x00000000000051b4                memcpy
 .text.memset   0x00000000000051c6       0x10 /Users/drormargalit/Library/Arduino15/packages/arduino/tools/arm-none-eabi-gcc/7-2017q4/bin/../lib/gcc/arm-none-eabi/7.2.1/../../../../arm-none-eabi/lib/thumb/v6-m/libc_nano.a(lib_a-memset.o)
                0x00000000000051c6                memset
 *fill*         0x00000000000051d6        0x2 
 .text._free_r  0x00000000000051d8       0x94 /Users/drormargalit/Library/Arduino15/packages/arduino/tools/arm-none-eabi-gcc/7-2017q4/bin/../lib/gcc/arm-none-eabi/7.2.1/../../../../arm-none-eabi/lib/thumb/v6-m/libc_nano.a(lib_a-nano-freer.o)
                0x00000000000051d8                _free_r
 .text._malloc_r
                0x000000000000526c       0xbc /Users/drormargalit/Library/Arduino15/packages/arduino/tools/arm-none-eabi-gcc/7-2017q4/bin/../lib/gcc/arm-none-eabi/7.2.1/../../../../arm-none-eabi/lib/thumb/v6-m/libc_nano.a(lib_a-nano-mallocr.o)
                0x000000000000526c                _malloc_r
 .text.rand     0x0000000000005328       0x64 /Users/drormargalit/Library/Arduino15/packages/arduino/tools/arm-none-eabi-gcc/7-2017q4/bin/../lib/gcc/arm-none-eabi/7.2.1/../../../../arm-none-eabi/lib/thumb/v6-m/libc_nano.a(lib_a-rand.o)
                0x0000000000005328                rand
 .text._sbrk_r  0x000000000000538c       0x24 /Users/drormargalit/Library/Arduino15/packages/arduino/tools/arm-none-eabi-gcc/7-2017q4/bin/../lib/gcc/arm-none-eabi/7.2.1/../../../../arm-none-eabi/lib/thumb/v6-m/libc_nano.a(lib_a-sbrkr.o)
                0x000000000000538c                _sbrk_r
 .text          0x00000000000053b0        0xe /Users/drormargalit/Library/Arduino15/packages/arduino/tools/arm-none-eabi-gcc/7-2017q4/bin/../lib/gcc/arm-none-eabi/7.2.1/../../../../arm-none-eabi/lib/thumb/v6-m/libc_nano.a(lib_a-strlen.o)
                0x00000000000053b0                strlen
 .text.__malloc_lock
                0x00000000000053be        0x2 /Users/drormargalit/Library/Arduino15/packages/arduino/tools/arm-none-eabi-gcc/7-2017q4/bin/../lib/gcc/arm-none-eabi/7.2.1/../../../../arm-none-eabi/lib/thumb/v6-m/libc_nano.a(lib_a-mlock.o)
                0x00000000000053be                __malloc_lock
 .text.__malloc_unlock
                0x00000000000053c0        0x2 /Users/drormargalit/Library/Arduino15/packages/arduino/tools/arm-none-eabi-gcc/7-2017q4/bin/../lib/gcc/arm-none-eabi/7.2.1/../../../../arm-none-eabi/lib/thumb/v6-m/libc_nano.a(lib_a-mlock.o)
                0x00000000000053c0                __malloc_unlock
 *fill*         0x00000000000053c2        0x2 
 .text          0x00000000000053c4       0x54 /Users/drormargalit/Library/Arduino15/packages/arduino/tools/arm-none-eabi-gcc/7-2017q4/bin/../lib/gcc/arm-none-eabi/7.2.1/thumb/v6-m/libgcc.a(_muldi3.o)
                0x00000000000053c4                __aeabi_lmul
                0x00000000000053c4                __muldi3
 .text._sbrk    0x0000000000005418       0x1c /Users/drormargalit/Library/Arduino15/packages/arduino/tools/arm-none-eabi-gcc/7-2017q4/bin/../lib/gcc/arm-none-eabi/7.2.1/../../../../arm-none-eabi/lib/thumb/v6-m/libnosys.a(sbrk.o)
                0x0000000000005418                _sbrk
 *(.init)
 .init          0x0000000000005434        0x4 /Users/drormargalit/Library/Arduino15/packages/arduino/tools/arm-none-eabi-gcc/7-2017q4/bin/../lib/gcc/arm-none-eabi/7.2.1/thumb/v6-m/crti.o
                0x0000000000005434                _init
 .init          0x0000000000005438        0x8 /Users/drormargalit/Library/Arduino15/packages/arduino/tools/arm-none-eabi-gcc/7-2017q4/bin/../lib/gcc/arm-none-eabi/7.2.1/thumb/v6-m/crtn.o
 *(.fini)
 .fini          0x0000000000005440        0x4 /Users/drormargalit/Library/Arduino15/packages/arduino/tools/arm-none-eabi-gcc/7-2017q4/bin/../lib/gcc/arm-none-eabi/7.2.1/thumb/v6-m/crti.o
                0x0000000000005440                _fini
 .fini          0x0000000000005444        0x8 /Users/drormargalit/Library/Arduino15/packages/arduino/tools/arm-none-eabi-gcc/7-2017q4/bin/../lib/gcc/arm-none-eabi/7.2.1/thumb/v6-m/crtn.o
 *crtbegin.o(.ctors)
 *crtbegin?.o(.ctors)
 *(EXCLUDE_FILE(*crtend.o *crtend?.o) .ctors)
 *(SORT_BY_NAME(.ctors.*))
 *(.ctors)
 *crtbegin.o(.dtors)
 *crtbegin?.o(.dtors)
 *(EXCLUDE_FILE(*crtend.o *crtend?.o) .dtors)
 *(SORT_BY_NAME(.dtors.*))
 *(.dtors)
 *(.rodata*)
 .rodata._Z16preventCollisionv.str1.1
                0x000000000000544c        0x8 /private/var/folders/br/9sn255813yn62198tc80r2th0000gn/T/arduino/sketches/1C4D400F58406BD7D11144F8D4B10CE2/sketch/car_chaos_avoid_collision.ino.cpp.o
 .rodata.g_APinDescription
                0x0000000000005454      0x318 /private/var/folders/br/9sn255813yn62198tc80r2th0000gn/T/arduino/sketches/1C4D400F58406BD7D11144F8D4B10CE2/core/variant.cpp.o
                0x0000000000005454                g_APinDescription
 .rodata._ZTV7Serial_
                0x000000000000576c       0x60 /private/var/folders/br/9sn255813yn62198tc80r2th0000gn/T/arduino/sketches/1C4D400F58406BD7D11144F8D4B10CE2/../../cores/arduino_samd_nano_33_iot_f971aea1e80ec870fb4bccc702e24003/core.a(CDC.cpp.o)
                0x000000000000576c                vtable for Serial_
 .rodata._ZTV26DoubleBufferedEPOutHandler
                0x00000000000057cc       0x24 /private/var/folders/br/9sn255813yn62198tc80r2th0000gn/T/arduino/sketches/1C4D400F58406BD7D11144F8D4B10CE2/../../cores/arduino_samd_nano_33_iot_f971aea1e80ec870fb4bccc702e24003/core.a(USBCore.cpp.o)
                0x00000000000057cc                vtable for DoubleBufferedEPOutHandler
 .rodata._ZL14STRING_PRODUCT
                0x00000000000057f0       0x14 /private/var/folders/br/9sn255813yn62198tc80r2th0000gn/T/arduino/sketches/1C4D400F58406BD7D11144F8D4B10CE2/../../cores/arduino_samd_nano_33_iot_f971aea1e80ec870fb4bccc702e24003/core.a(USBCore.cpp.o)
 .rodata._ZL15STRING_LANGUAGE
                0x0000000000005804        0x4 /private/var/folders/br/9sn255813yn62198tc80r2th0000gn/T/arduino/sketches/1C4D400F58406BD7D11144F8D4B10CE2/../../cores/arduino_samd_nano_33_iot_f971aea1e80ec870fb4bccc702e24003/core.a(USBCore.cpp.o)
 .rodata._ZL19STRING_MANUFACTURER
                0x0000000000005808        0xc /private/var/folders/br/9sn255813yn62198tc80r2th0000gn/T/arduino/sketches/1C4D400F58406BD7D11144F8D4B10CE2/../../cores/arduino_samd_nano_33_iot_f971aea1e80ec870fb4bccc702e24003/core.a(USBCore.cpp.o)
 .rodata._ZL21USB_DeviceDescriptorB
                0x0000000000005814       0x12 /private/var/folders/br/9sn255813yn62198tc80r2th0000gn/T/arduino/sketches/1C4D400F58406BD7D11144F8D4B10CE2/../../cores/arduino_samd_nano_33_iot_f971aea1e80ec870fb4bccc702e24003/core.a(USBCore.cpp.o)
 *fill*         0x0000000000005826        0x2 
 .rodata._ZTV4Uart
                0x0000000000005828       0x34 /private/var/folders/br/9sn255813yn62198tc80r2th0000gn/T/arduino/sketches/1C4D400F58406BD7D11144F8D4B10CE2/../../cores/arduino_samd_nano_33_iot_f971aea1e80ec870fb4bccc702e24003/core.a(Uart.cpp.o)
                0x0000000000005828                vtable for Uart
 .rodata._ZN7arduino5Print7printlnEv.str1.1
                0x000000000000585c        0x3 /private/var/folders/br/9sn255813yn62198tc80r2th0000gn/T/arduino/sketches/1C4D400F58406BD7D11144F8D4B10CE2/../../cores/arduino_samd_nano_33_iot_f971aea1e80ec870fb4bccc702e24003/core.a(Print.cpp.o)
 *fill*         0x000000000000585f        0x1 
 .rodata        0x0000000000005860       0x40 /Users/drormargalit/Library/Arduino15/packages/arduino/tools/arm-none-eabi-gcc/7-2017q4/bin/../lib/gcc/arm-none-eabi/7.2.1/thumb/v6-m/libgcc.a(muldf3.o)
 *(.eh_frame*)
 .eh_frame      0x00000000000058a0        0x0 /Users/drormargalit/Library/Arduino15/packages/arduino/tools/arm-none-eabi-gcc/7-2017q4/bin/../lib/gcc/arm-none-eabi/7.2.1/thumb/v6-m/crtbegin.o
 .eh_frame      0x00000000000058a0        0x4 /Users/drormargalit/Library/Arduino15/packages/arduino/tools/arm-none-eabi-gcc/7-2017q4/bin/../lib/gcc/arm-none-eabi/7.2.1/thumb/v6-m/crtend.o

.glue_7         0x00000000000058a4        0x0
 .glue_7        0x00000000000058a4        0x0 linker stubs

.glue_7t        0x00000000000058a4        0x0
 .glue_7t       0x00000000000058a4        0x0 linker stubs

.vfp11_veneer   0x00000000000058a4        0x0
 .vfp11_veneer  0x00000000000058a4        0x0 linker stubs

.v4_bx          0x00000000000058a4        0x0
 .v4_bx         0x00000000000058a4        0x0 linker stubs

.iplt           0x00000000000058a4        0x0
 .iplt          0x00000000000058a4        0x0 /Users/drormargalit/Library/Arduino15/packages/arduino/tools/arm-none-eabi-gcc/7-2017q4/bin/../lib/gcc/arm-none-eabi/7.2.1/thumb/v6-m/crtbegin.o

.rel.dyn        0x00000000000058a4        0x0
 .rel.iplt      0x00000000000058a4        0x0 /Users/drormargalit/Library/Arduino15/packages/arduino/tools/arm-none-eabi-gcc/7-2017q4/bin/../lib/gcc/arm-none-eabi/7.2.1/thumb/v6-m/crtbegin.o

.ARM.extab
 *(.ARM.extab* .gnu.linkonce.armextab.*)
                0x00000000000058a4                __exidx_start = .

.ARM.exidx
 *(.ARM.exidx* .gnu.linkonce.armexidx.*)
                0x00000000000058a4                __exidx_end = .
                0x00000000000058a4                __etext = .

.data           0x0000000020000000       0x94 load address 0x00000000000058a4
                0x0000000020000000                __data_start__ = .
 *(vtable)
 *(.data*)
 .data.speed    0x0000000020000000        0x4 /private/var/folders/br/9sn255813yn62198tc80r2th0000gn/T/arduino/sketches/1C4D400F58406BD7D11144F8D4B10CE2/sketch/car_chaos_avoid_collision.ino.cpp.o
                0x0000000020000000                speed
 .data._ZL10breakValue
                0x0000000020000004        0x4 /private/var/folders/br/9sn255813yn62198tc80r2th0000gn/T/arduino/sketches/1C4D400F58406BD7D11144F8D4B10CE2/../../cores/arduino_samd_nano_33_iot_f971aea1e80ec870fb4bccc702e24003/core.a(CDC.cpp.o)
 .data._ZL12_usbLineInfo
                0x0000000020000008        0x8 /private/var/folders/br/9sn255813yn62198tc80r2th0000gn/T/arduino/sketches/1C4D400F58406BD7D11144F8D4B10CE2/../../cores/arduino_samd_nano_33_iot_f971aea1e80ec870fb4bccc702e24003/core.a(CDC.cpp.o)
 .data._serialPeek
                0x0000000020000010        0x4 /private/var/folders/br/9sn255813yn62198tc80r2th0000gn/T/arduino/sketches/1C4D400F58406BD7D11144F8D4B10CE2/../../cores/arduino_samd_nano_33_iot_f971aea1e80ec870fb4bccc702e24003/core.a(CDC.cpp.o)
                0x0000000020000010                _serialPeek
 .data.SystemCoreClock
                0x0000000020000014        0x4 /private/var/folders/br/9sn255813yn62198tc80r2th0000gn/T/arduino/sketches/1C4D400F58406BD7D11144F8D4B10CE2/../../cores/arduino_samd_nano_33_iot_f971aea1e80ec870fb4bccc702e24003/core.a(wiring.c.o)
                0x0000000020000014                SystemCoreClock
 .data._ZL5ticks
                0x0000000020000018        0x4 /private/var/folders/br/9sn255813yn62198tc80r2th0000gn/T/arduino/sketches/1C4D400F58406BD7D11144F8D4B10CE2/../../cores/arduino_samd_nano_33_iot_f971aea1e80ec870fb4bccc702e24003/core.a(Reset.cpp.o)
 .data._impure_ptr
                0x000000002000001c        0x4 /Users/drormargalit/Library/Arduino15/packages/arduino/tools/arm-none-eabi-gcc/7-2017q4/bin/../lib/gcc/arm-none-eabi/7.2.1/../../../../arm-none-eabi/lib/thumb/v6-m/libc_nano.a(lib_a-impure.o)
                0x000000002000001c                _impure_ptr
 .data.impure_data
                0x0000000020000020       0x60 /Users/drormargalit/Library/Arduino15/packages/arduino/tools/arm-none-eabi-gcc/7-2017q4/bin/../lib/gcc/arm-none-eabi/7.2.1/../../../../arm-none-eabi/lib/thumb/v6-m/libc_nano.a(lib_a-impure.o)
                0x0000000020000080                . = ALIGN (0x4)
                0x0000000020000080                PROVIDE (__preinit_array_start, .)
 *(.preinit_array)
                0x0000000020000080                PROVIDE (__preinit_array_end, .)
                0x0000000020000080                . = ALIGN (0x4)
                0x0000000020000080                PROVIDE (__init_array_start, .)
 *(SORT_BY_NAME(.init_array.*))
 *(.init_array)
 .init_array    0x0000000020000080        0x4 /Users/drormargalit/Library/Arduino15/packages/arduino/tools/arm-none-eabi-gcc/7-2017q4/bin/../lib/gcc/arm-none-eabi/7.2.1/thumb/v6-m/crtbegin.o
 .init_array    0x0000000020000084        0x4 /private/var/folders/br/9sn255813yn62198tc80r2th0000gn/T/arduino/sketches/1C4D400F58406BD7D11144F8D4B10CE2/core/variant.cpp.o
 .init_array    0x0000000020000088        0x4 /private/var/folders/br/9sn255813yn62198tc80r2th0000gn/T/arduino/sketches/1C4D400F58406BD7D11144F8D4B10CE2/../../cores/arduino_samd_nano_33_iot_f971aea1e80ec870fb4bccc702e24003/core.a(CDC.cpp.o)
 .init_array    0x000000002000008c        0x4 /private/var/folders/br/9sn255813yn62198tc80r2th0000gn/T/arduino/sketches/1C4D400F58406BD7D11144F8D4B10CE2/../../cores/arduino_samd_nano_33_iot_f971aea1e80ec870fb4bccc702e24003/core.a(USBCore.cpp.o)
                0x0000000020000090                PROVIDE (__init_array_end, .)
                0x0000000020000090                . = ALIGN (0x4)
                [!provide]                        PROVIDE (__fini_array_start, .)
 *(SORT_BY_NAME(.fini_array.*))
 *(.fini_array)
 .fini_array    0x0000000020000090        0x4 /Users/drormargalit/Library/Arduino15/packages/arduino/tools/arm-none-eabi-gcc/7-2017q4/bin/../lib/gcc/arm-none-eabi/7.2.1/thumb/v6-m/crtbegin.o
                [!provide]                        PROVIDE (__fini_array_end, .)
 *(.jcr*)
                0x0000000020000094                . = ALIGN (0x4)
                0x0000000020000094                __data_end__ = .

.igot.plt       0x0000000020000094        0x0 load address 0x0000000000005938
 .igot.plt      0x0000000020000094        0x0 /Users/drormargalit/Library/Arduino15/packages/arduino/tools/arm-none-eabi-gcc/7-2017q4/bin/../lib/gcc/arm-none-eabi/7.2.1/thumb/v6-m/crtbegin.o

.bss            0x0000000020000094      0xd74 load address 0x0000000000005938
                0x0000000020000094                . = ALIGN (0x4)
                0x0000000020000094                __bss_start__ = .
 *(.bss*)
 .bss           0x0000000020000094       0x1c /Users/drormargalit/Library/Arduino15/packages/arduino/tools/arm-none-eabi-gcc/7-2017q4/bin/../lib/gcc/arm-none-eabi/7.2.1/thumb/v6-m/crtbegin.o
 .bss.colliding
                0x00000000200000b0        0x1 /private/var/folders/br/9sn255813yn62198tc80r2th0000gn/T/arduino/sketches/1C4D400F58406BD7D11144F8D4B10CE2/sketch/car_chaos_avoid_collision.ino.cpp.o
                0x00000000200000b0                colliding
 *fill*         0x00000000200000b1        0x3 
 .bss.collisionDirection
                0x00000000200000b4        0x4 /private/var/folders/br/9sn255813yn62198tc80r2th0000gn/T/arduino/sketches/1C4D400F58406BD7D11144F8D4B10CE2/sketch/car_chaos_avoid_collision.ino.cpp.o
                0x00000000200000b4                collisionDirection
 .bss.collisionTimer
                0x00000000200000b8        0x4 /private/var/folders/br/9sn255813yn62198tc80r2th0000gn/T/arduino/sketches/1C4D400F58406BD7D11144F8D4B10CE2/sketch/car_chaos_avoid_collision.ino.cpp.o
                0x00000000200000b8                collisionTimer
 .bss.distance  0x00000000200000bc        0x4 /private/var/folders/br/9sn255813yn62198tc80r2th0000gn/T/arduino/sketches/1C4D400F58406BD7D11144F8D4B10CE2/sketch/car_chaos_avoid_collision.ino.cpp.o
                0x00000000200000bc                distance
 .bss.duration  0x00000000200000c0        0x4 /private/var/folders/br/9sn255813yn62198tc80r2th0000gn/T/arduino/sketches/1C4D400F58406BD7D11144F8D4B10CE2/sketch/car_chaos_avoid_collision.ino.cpp.o
                0x00000000200000c0                duration
 .bss.initiateRunningAway
                0x00000000200000c4        0x4 /private/var/folders/br/9sn255813yn62198tc80r2th0000gn/T/arduino/sketches/1C4D400F58406BD7D11144F8D4B10CE2/sketch/car_chaos_avoid_collision.ino.cpp.o
                0x00000000200000c4                initiateRunningAway
 .bss.runningAwayTimer
                0x00000000200000c8        0x4 /private/var/folders/br/9sn255813yn62198tc80r2th0000gn/T/arduino/sketches/1C4D400F58406BD7D11144F8D4B10CE2/sketch/car_chaos_avoid_collision.ino.cpp.o
                0x00000000200000c8                runningAwayTimer
 .bss.Serial1   0x00000000200000cc      0x244 /private/var/folders/br/9sn255813yn62198tc80r2th0000gn/T/arduino/sketches/1C4D400F58406BD7D11144F8D4B10CE2/core/variant.cpp.o
                0x00000000200000cc                Serial1
 .bss.Serial2   0x0000000020000310      0x244 /private/var/folders/br/9sn255813yn62198tc80r2th0000gn/T/arduino/sketches/1C4D400F58406BD7D11144F8D4B10CE2/core/variant.cpp.o
                0x0000000020000310                Serial2
 .bss.SerialHCI
                0x0000000020000554      0x244 /private/var/folders/br/9sn255813yn62198tc80r2th0000gn/T/arduino/sketches/1C4D400F58406BD7D11144F8D4B10CE2/core/variant.cpp.o
                0x0000000020000554                SerialHCI
 .bss.sercom0   0x0000000020000798        0x8 /private/var/folders/br/9sn255813yn62198tc80r2th0000gn/T/arduino/sketches/1C4D400F58406BD7D11144F8D4B10CE2/core/variant.cpp.o
                0x0000000020000798                sercom0
 .bss.sercom1   0x00000000200007a0        0x8 /private/var/folders/br/9sn255813yn62198tc80r2th0000gn/T/arduino/sketches/1C4D400F58406BD7D11144F8D4B10CE2/core/variant.cpp.o
                0x00000000200007a0                sercom1
 .bss.sercom2   0x00000000200007a8        0x8 /private/var/folders/br/9sn255813yn62198tc80r2th0000gn/T/arduino/sketches/1C4D400F58406BD7D11144F8D4B10CE2/core/variant.cpp.o
                0x00000000200007a8                sercom2
 .bss.sercom3   0x00000000200007b0        0x8 /private/var/folders/br/9sn255813yn62198tc80r2th0000gn/T/arduino/sketches/1C4D400F58406BD7D11144F8D4B10CE2/core/variant.cpp.o
                0x00000000200007b0                sercom3
 .bss.sercom4   0x00000000200007b8        0x8 /private/var/folders/br/9sn255813yn62198tc80r2th0000gn/T/arduino/sketches/1C4D400F58406BD7D11144F8D4B10CE2/core/variant.cpp.o
                0x00000000200007b8                sercom4
 .bss.sercom5   0x00000000200007c0        0x8 /private/var/folders/br/9sn255813yn62198tc80r2th0000gn/T/arduino/sketches/1C4D400F58406BD7D11144F8D4B10CE2/core/variant.cpp.o
                0x00000000200007c0                sercom5
 .bss.SerialUSB
                0x00000000200007c8       0x34 /private/var/folders/br/9sn255813yn62198tc80r2th0000gn/T/arduino/sketches/1C4D400F58406BD7D11144F8D4B10CE2/../../cores/arduino_samd_nano_33_iot_f971aea1e80ec870fb4bccc702e24003/core.a(CDC.cpp.o)
                0x00000000200007c8                SerialUSB
 .bss.EndPoints
                0x00000000200007fc       0x28 /private/var/folders/br/9sn255813yn62198tc80r2th0000gn/T/arduino/sketches/1C4D400F58406BD7D11144F8D4B10CE2/../../cores/arduino_samd_nano_33_iot_f971aea1e80ec870fb4bccc702e24003/core.a(USBCore.cpp.o)
                0x00000000200007fc                EndPoints
 .bss.USBDevice
                0x0000000020000824        0x1 /private/var/folders/br/9sn255813yn62198tc80r2th0000gn/T/arduino/sketches/1C4D400F58406BD7D11144F8D4B10CE2/../../cores/arduino_samd_nano_33_iot_f971aea1e80ec870fb4bccc702e24003/core.a(USBCore.cpp.o)
                0x0000000020000824                USBDevice
 *fill*         0x0000000020000825        0x3 
 .bss._ZL10epHandlers
                0x0000000020000828       0x1c /private/var/folders/br/9sn255813yn62198tc80r2th0000gn/T/arduino/sketches/1C4D400F58406BD7D11144F8D4B10CE2/../../cores/arduino_samd_nano_33_iot_f971aea1e80ec870fb4bccc702e24003/core.a(USBCore.cpp.o)
 .bss._ZL14isEndpointHalt
                0x0000000020000844        0x1 /private/var/folders/br/9sn255813yn62198tc80r2th0000gn/T/arduino/sketches/1C4D400F58406BD7D11144F8D4B10CE2/../../cores/arduino_samd_nano_33_iot_f971aea1e80ec870fb4bccc702e24003/core.a(USBCore.cpp.o)
 .bss._ZL20LastTransmitTimedOut
                0x0000000020000845        0x7 /private/var/folders/br/9sn255813yn62198tc80r2th0000gn/T/arduino/sketches/1C4D400F58406BD7D11144F8D4B10CE2/../../cores/arduino_samd_nano_33_iot_f971aea1e80ec870fb4bccc702e24003/core.a(USBCore.cpp.o)
 .bss._ZL21isRemoteWakeUpEnabled
                0x000000002000084c        0x1 /private/var/folders/br/9sn255813yn62198tc80r2th0000gn/T/arduino/sketches/1C4D400F58406BD7D11144F8D4B10CE2/../../cores/arduino_samd_nano_33_iot_f971aea1e80ec870fb4bccc702e24003/core.a(USBCore.cpp.o)
 *fill*         0x000000002000084d        0x3 
 .bss._ZL22udd_ep_in_cache_buffer
                0x0000000020000850      0x1c0 /private/var/folders/br/9sn255813yn62198tc80r2th0000gn/T/arduino/sketches/1C4D400F58406BD7D11144F8D4B10CE2/../../cores/arduino_samd_nano_33_iot_f971aea1e80ec870fb4bccc702e24003/core.a(USBCore.cpp.o)
 .bss._ZL23udd_ep_out_cache_buffer
                0x0000000020000a10      0x1c0 /private/var/folders/br/9sn255813yn62198tc80r2th0000gn/T/arduino/sketches/1C4D400F58406BD7D11144F8D4B10CE2/../../cores/arduino_samd_nano_33_iot_f971aea1e80ec870fb4bccc702e24003/core.a(USBCore.cpp.o)
 .bss._dry_run  0x0000000020000bd0        0x1 /private/var/folders/br/9sn255813yn62198tc80r2th0000gn/T/arduino/sketches/1C4D400F58406BD7D11144F8D4B10CE2/../../cores/arduino_samd_nano_33_iot_f971aea1e80ec870fb4bccc702e24003/core.a(USBCore.cpp.o)
                0x0000000020000bd0                _dry_run
 .bss._pack_buffer
                0x0000000020000bd1      0x100 /private/var/folders/br/9sn255813yn62198tc80r2th0000gn/T/arduino/sketches/1C4D400F58406BD7D11144F8D4B10CE2/../../cores/arduino_samd_nano_33_iot_f971aea1e80ec870fb4bccc702e24003/core.a(USBCore.cpp.o)
                0x0000000020000bd1                _pack_buffer
 .bss._pack_message
                0x0000000020000cd1        0x1 /private/var/folders/br/9sn255813yn62198tc80r2th0000gn/T/arduino/sketches/1C4D400F58406BD7D11144F8D4B10CE2/../../cores/arduino_samd_nano_33_iot_f971aea1e80ec870fb4bccc702e24003/core.a(USBCore.cpp.o)
                0x0000000020000cd1                _pack_message
 .bss._pack_size
                0x0000000020000cd2        0x2 /private/var/folders/br/9sn255813yn62198tc80r2th0000gn/T/arduino/sketches/1C4D400F58406BD7D11144F8D4B10CE2/../../cores/arduino_samd_nano_33_iot_f971aea1e80ec870fb4bccc702e24003/core.a(USBCore.cpp.o)
                0x0000000020000cd2                _pack_size
 .bss._usbConfiguration
                0x0000000020000cd4        0x4 /private/var/folders/br/9sn255813yn62198tc80r2th0000gn/T/arduino/sketches/1C4D400F58406BD7D11144F8D4B10CE2/../../cores/arduino_samd_nano_33_iot_f971aea1e80ec870fb4bccc702e24003/core.a(USBCore.cpp.o)
                0x0000000020000cd4                _usbConfiguration
 .bss._usbSetInterface
                0x0000000020000cd8        0x4 /private/var/folders/br/9sn255813yn62198tc80r2th0000gn/T/arduino/sketches/1C4D400F58406BD7D11144F8D4B10CE2/../../cores/arduino_samd_nano_33_iot_f971aea1e80ec870fb4bccc702e24003/core.a(USBCore.cpp.o)
                0x0000000020000cd8                _usbSetInterface
 .bss.usbd      0x0000000020000cdc      0x104 /private/var/folders/br/9sn255813yn62198tc80r2th0000gn/T/arduino/sketches/1C4D400F58406BD7D11144F8D4B10CE2/../../cores/arduino_samd_nano_33_iot_f971aea1e80ec870fb4bccc702e24003/core.a(USBCore.cpp.o)
                0x0000000020000cdc                usbd
 .bss._ZGVZ12PluggableUSBvE3obj
                0x0000000020000de0        0x4 /private/var/folders/br/9sn255813yn62198tc80r2th0000gn/T/arduino/sketches/1C4D400F58406BD7D11144F8D4B10CE2/../../cores/arduino_samd_nano_33_iot_f971aea1e80ec870fb4bccc702e24003/core.a(PluggableUSB.cpp.o)
 .bss._ZZ12PluggableUSBvE3obj
                0x0000000020000de4        0xc /private/var/folders/br/9sn255813yn62198tc80r2th0000gn/T/arduino/sketches/1C4D400F58406BD7D11144F8D4B10CE2/../../cores/arduino_samd_nano_33_iot_f971aea1e80ec870fb4bccc702e24003/core.a(PluggableUSB.cpp.o)
 .bss.usb_isr   0x0000000020000df0        0x4 /private/var/folders/br/9sn255813yn62198tc80r2th0000gn/T/arduino/sketches/1C4D400F58406BD7D11144F8D4B10CE2/../../cores/arduino_samd_nano_33_iot_f971aea1e80ec870fb4bccc702e24003/core.a(cortex_handlers.c.o)
 .bss._ulTickCount
                0x0000000020000df4        0x4 /private/var/folders/br/9sn255813yn62198tc80r2th0000gn/T/arduino/sketches/1C4D400F58406BD7D11144F8D4B10CE2/../../cores/arduino_samd_nano_33_iot_f971aea1e80ec870fb4bccc702e24003/core.a(delay.c.o)
 .bss.__malloc_free_list
                0x0000000020000df8        0x4 /Users/drormargalit/Library/Arduino15/packages/arduino/tools/arm-none-eabi-gcc/7-2017q4/bin/../lib/gcc/arm-none-eabi/7.2.1/../../../../arm-none-eabi/lib/thumb/v6-m/libc_nano.a(lib_a-nano-mallocr.o)
                0x0000000020000df8                __malloc_free_list
 .bss.__malloc_sbrk_start
                0x0000000020000dfc        0x4 /Users/drormargalit/Library/Arduino15/packages/arduino/tools/arm-none-eabi-gcc/7-2017q4/bin/../lib/gcc/arm-none-eabi/7.2.1/../../../../arm-none-eabi/lib/thumb/v6-m/libc_nano.a(lib_a-nano-mallocr.o)
                0x0000000020000dfc                __malloc_sbrk_start
 .bss.heap_end.4102
                0x0000000020000e00        0x4 /Users/drormargalit/Library/Arduino15/packages/arduino/tools/arm-none-eabi-gcc/7-2017q4/bin/../lib/gcc/arm-none-eabi/7.2.1/../../../../arm-none-eabi/lib/thumb/v6-m/libnosys.a(sbrk.o)
 *(COMMON)
 COMMON         0x0000000020000e04        0x4 /Users/drormargalit/Library/Arduino15/packages/arduino/tools/arm-none-eabi-gcc/7-2017q4/bin/../lib/gcc/arm-none-eabi/7.2.1/../../../../arm-none-eabi/lib/thumb/v6-m/libc_nano.a(lib_a-reent.o)
                0x0000000020000e04                errno
                0x0000000020000e08                . = ALIGN (0x4)
                0x0000000020000e08                __bss_end__ = .

.heap           0x0000000020000e08        0x0
                0x0000000020000e08                __end__ = .
                0x0000000020000e08                PROVIDE (end, .)
 *(.heap*)
                0x0000000020000e08                __HeapLimit = .

.stack_dummy    0x0000000020000e08        0x0
 *(.stack*)
                0x0000000020008000                __StackTop = (ORIGIN (RAM) + LENGTH (RAM))
                0x0000000020008000                __StackLimit = (__StackTop - SIZEOF (.stack_dummy))
                0x0000000020008000                PROVIDE (__stack, __StackTop)
                0x0000000020007fff                __ram_end__ = ((ORIGIN (RAM) + LENGTH (RAM)) - 0x1)
                0x0000000000000001                ASSERT ((__StackLimit >= __HeapLimit), region RAM overflowed with stack)
OUTPUT(/private/var/folders/br/9sn255813yn62198tc80r2th0000gn/T/arduino/sketches/1C4D400F58406BD7D11144F8D4B10CE2/car_chaos_avoid_collision.ino.elf elf32-littlearm)

.ARM.attributes
                0x0000000000000000       0x28
 .ARM.attributes
                0x0000000000000000       0x1e /Users/drormargalit/Library/Arduino15/packages/arduino/tools/arm-none-eabi-gcc/7-2017q4/bin/../lib/gcc/arm-none-eabi/7.2.1/thumb/v6-m/crti.o
 .ARM.attributes
                0x000000000000001e       0x2c /Users/drormargalit/Library/Arduino15/packages/arduino/tools/arm-none-eabi-gcc/7-2017q4/bin/../lib/gcc/arm-none-eabi/7.2.1/thumb/v6-m/crtbegin.o
 .ARM.attributes
                0x000000000000004a       0x32 /private/var/folders/br/9sn255813yn62198tc80r2th0000gn/T/arduino/sketches/1C4D400F58406BD7D11144F8D4B10CE2/sketch/car_chaos_avoid_collision.ino.cpp.o
 .ARM.attributes
                0x000000000000007c       0x32 /private/var/folders/br/9sn255813yn62198tc80r2th0000gn/T/arduino/sketches/1C4D400F58406BD7D11144F8D4B10CE2/core/variant.cpp.o
 .ARM.attributes
                0x00000000000000ae       0x32 /private/var/folders/br/9sn255813yn62198tc80r2th0000gn/T/arduino/sketches/1C4D400F58406BD7D11144F8D4B10CE2/../../cores/arduino_samd_nano_33_iot_f971aea1e80ec870fb4bccc702e24003/core.a(SERCOM.cpp.o)
 .ARM.attributes
                0x00000000000000e0       0x32 /private/var/folders/br/9sn255813yn62198tc80r2th0000gn/T/arduino/sketches/1C4D400F58406BD7D11144F8D4B10CE2/../../cores/arduino_samd_nano_33_iot_f971aea1e80ec870fb4bccc702e24003/core.a(CDC.cpp.o)
 .ARM.attributes
                0x0000000000000112       0x32 /private/var/folders/br/9sn255813yn62198tc80r2th0000gn/T/arduino/sketches/1C4D400F58406BD7D11144F8D4B10CE2/../../cores/arduino_samd_nano_33_iot_f971aea1e80ec870fb4bccc702e24003/core.a(USBCore.cpp.o)
 .ARM.attributes
                0x0000000000000144       0x32 /private/var/folders/br/9sn255813yn62198tc80r2th0000gn/T/arduino/sketches/1C4D400F58406BD7D11144F8D4B10CE2/../../cores/arduino_samd_nano_33_iot_f971aea1e80ec870fb4bccc702e24003/core.a(Uart.cpp.o)
 .ARM.attributes
                0x0000000000000176       0x32 /private/var/folders/br/9sn255813yn62198tc80r2th0000gn/T/arduino/sketches/1C4D400F58406BD7D11144F8D4B10CE2/../../cores/arduino_samd_nano_33_iot_f971aea1e80ec870fb4bccc702e24003/core.a(WMath.cpp.o)
 .ARM.attributes
                0x00000000000001a8       0x32 /private/var/folders/br/9sn255813yn62198tc80r2th0000gn/T/arduino/sketches/1C4D400F58406BD7D11144F8D4B10CE2/../../cores/arduino_samd_nano_33_iot_f971aea1e80ec870fb4bccc702e24003/core.a(PluggableUSB.cpp.o)
 .ARM.attributes